Archive member included to satisfy reference by file (symbol)

/usr/lib/gcc/arm-none-eabi/10.2.0/../../../../arm-none-eabi/lib/thumb/v7-m/nofp/libg_nano.a(lib_a-atexit.o)
                              /usr/lib/gcc/arm-none-eabi/10.2.0/../../../../arm-none-eabi/lib/thumb/v7-m/nofp/crt0.o (atexit)
/usr/lib/gcc/arm-none-eabi/10.2.0/../../../../arm-none-eabi/lib/thumb/v7-m/nofp/libg_nano.a(lib_a-errno.o)
                              CMakeFiles/Software.elf.dir/Core/Src/syscalls.c.obj (__errno)
/usr/lib/gcc/arm-none-eabi/10.2.0/../../../../arm-none-eabi/lib/thumb/v7-m/nofp/libg_nano.a(lib_a-exit.o)
                              /usr/lib/gcc/arm-none-eabi/10.2.0/../../../../arm-none-eabi/lib/thumb/v7-m/nofp/crt0.o (exit)
/usr/lib/gcc/arm-none-eabi/10.2.0/../../../../arm-none-eabi/lib/thumb/v7-m/nofp/libg_nano.a(lib_a-fini.o)
                              /usr/lib/gcc/arm-none-eabi/10.2.0/../../../../arm-none-eabi/lib/thumb/v7-m/nofp/crt0.o (__libc_fini_array)
/usr/lib/gcc/arm-none-eabi/10.2.0/../../../../arm-none-eabi/lib/thumb/v7-m/nofp/libg_nano.a(lib_a-impure.o)
                              /usr/lib/gcc/arm-none-eabi/10.2.0/../../../../arm-none-eabi/lib/thumb/v7-m/nofp/libg_nano.a(lib_a-exit.o) (_global_impure_ptr)
/usr/lib/gcc/arm-none-eabi/10.2.0/../../../../arm-none-eabi/lib/thumb/v7-m/nofp/libg_nano.a(lib_a-init.o)
                              /usr/lib/gcc/arm-none-eabi/10.2.0/../../../../arm-none-eabi/lib/thumb/v7-m/nofp/crt0.o (__libc_init_array)
/usr/lib/gcc/arm-none-eabi/10.2.0/../../../../arm-none-eabi/lib/thumb/v7-m/nofp/libg_nano.a(lib_a-memset.o)
                              /usr/lib/gcc/arm-none-eabi/10.2.0/../../../../arm-none-eabi/lib/thumb/v7-m/nofp/crt0.o (memset)
/usr/lib/gcc/arm-none-eabi/10.2.0/../../../../arm-none-eabi/lib/thumb/v7-m/nofp/libg_nano.a(lib_a-__atexit.o)
                              /usr/lib/gcc/arm-none-eabi/10.2.0/../../../../arm-none-eabi/lib/thumb/v7-m/nofp/libg_nano.a(lib_a-atexit.o) (__register_exitproc)
/usr/lib/gcc/arm-none-eabi/10.2.0/../../../../arm-none-eabi/lib/thumb/v7-m/nofp/libg_nano.a(lib_a-__call_atexit.o)
                              /usr/lib/gcc/arm-none-eabi/10.2.0/../../../../arm-none-eabi/lib/thumb/v7-m/nofp/libg_nano.a(lib_a-__atexit.o) (__call_exitprocs)
/usr/lib/gcc/arm-none-eabi/10.2.0/../../../../arm-none-eabi/lib/thumb/v7-m/nofp/libg_nano.a(lib_a-lock.o)
                              /usr/lib/gcc/arm-none-eabi/10.2.0/../../../../arm-none-eabi/lib/thumb/v7-m/nofp/libg_nano.a(lib_a-__atexit.o) (__retarget_lock_acquire_recursive)

Allocating common symbols
Common symbol       size              file

__lock___atexit_recursive_mutex
                    0x1               /usr/lib/gcc/arm-none-eabi/10.2.0/../../../../arm-none-eabi/lib/thumb/v7-m/nofp/libg_nano.a(lib_a-lock.o)
__lock___arc4random_mutex
                    0x1               /usr/lib/gcc/arm-none-eabi/10.2.0/../../../../arm-none-eabi/lib/thumb/v7-m/nofp/libg_nano.a(lib_a-lock.o)
__lock___env_recursive_mutex
                    0x1               /usr/lib/gcc/arm-none-eabi/10.2.0/../../../../arm-none-eabi/lib/thumb/v7-m/nofp/libg_nano.a(lib_a-lock.o)
__lock___sinit_recursive_mutex
                    0x1               /usr/lib/gcc/arm-none-eabi/10.2.0/../../../../arm-none-eabi/lib/thumb/v7-m/nofp/libg_nano.a(lib_a-lock.o)
__lock___malloc_recursive_mutex
                    0x1               /usr/lib/gcc/arm-none-eabi/10.2.0/../../../../arm-none-eabi/lib/thumb/v7-m/nofp/libg_nano.a(lib_a-lock.o)
__lock___at_quick_exit_mutex
                    0x1               /usr/lib/gcc/arm-none-eabi/10.2.0/../../../../arm-none-eabi/lib/thumb/v7-m/nofp/libg_nano.a(lib_a-lock.o)
__lock___dd_hash_mutex
                    0x1               /usr/lib/gcc/arm-none-eabi/10.2.0/../../../../arm-none-eabi/lib/thumb/v7-m/nofp/libg_nano.a(lib_a-lock.o)
__lock___tz_mutex   0x1               /usr/lib/gcc/arm-none-eabi/10.2.0/../../../../arm-none-eabi/lib/thumb/v7-m/nofp/libg_nano.a(lib_a-lock.o)
__lock___sfp_recursive_mutex
                    0x1               /usr/lib/gcc/arm-none-eabi/10.2.0/../../../../arm-none-eabi/lib/thumb/v7-m/nofp/libg_nano.a(lib_a-lock.o)

Discarded input sections

 .text          0x0000000000000000        0x0 /usr/lib/gcc/arm-none-eabi/10.2.0/thumb/v7-m/nofp/crti.o
 .data          0x0000000000000000        0x0 /usr/lib/gcc/arm-none-eabi/10.2.0/thumb/v7-m/nofp/crti.o
 .bss           0x0000000000000000        0x0 /usr/lib/gcc/arm-none-eabi/10.2.0/thumb/v7-m/nofp/crti.o
 .text          0x0000000000000000        0x0 /usr/lib/gcc/arm-none-eabi/10.2.0/thumb/v7-m/nofp/crtbegin.o
 .data          0x0000000000000000        0x0 /usr/lib/gcc/arm-none-eabi/10.2.0/thumb/v7-m/nofp/crtbegin.o
 .bss           0x0000000000000000        0x0 /usr/lib/gcc/arm-none-eabi/10.2.0/thumb/v7-m/nofp/crtbegin.o
 .data.__dso_handle
                0x0000000000000000        0x4 /usr/lib/gcc/arm-none-eabi/10.2.0/thumb/v7-m/nofp/crtbegin.o
[...]
Memory Configuration

Name             Origin             Length             Attributes
RAM              0x0000000020000000 0x0000000000005000 xrw
FLASH            0x0000000008000000 0x0000000000010000 xr
*default*        0x0000000000000000 0xffffffffffffffff

Linker script and memory map

LOAD /usr/lib/gcc/arm-none-eabi/10.2.0/thumb/v7-m/nofp/crti.o
LOAD /usr/lib/gcc/arm-none-eabi/10.2.0/thumb/v7-m/nofp/crtbegin.o
LOAD /usr/lib/gcc/arm-none-eabi/10.2.0/../../../../arm-none-eabi/lib/thumb/v7-m/nofp/crt0.o
LOAD CMakeFiles/Software.elf.dir/Core/Src/main.c.obj
LOAD CMakeFiles/Software.elf.dir/Core/Src/stm32f1xx_hal_msp.c.obj
LOAD CMakeFiles/Software.elf.dir/Core/Src/stm32f1xx_it.c.obj
LOAD CMakeFiles/Software.elf.dir/Core/Src/syscalls.c.obj
LOAD CMakeFiles/Software.elf.dir/Core/Src/system_stm32f1xx.c.obj
LOAD CMakeFiles/Software.elf.dir/Drivers/STM32F1xx_HAL_Driver/Src/stm32f1xx_hal.c.obj
LOAD CMakeFiles/Software.elf.dir/Drivers/STM32F1xx_HAL_Driver/Src/stm32f1xx_hal_cortex.c.obj
LOAD CMakeFiles/Software.elf.dir/Drivers/STM32F1xx_HAL_Driver/Src/stm32f1xx_hal_dma.c.obj
LOAD CMakeFiles/Software.elf.dir/Drivers/STM32F1xx_HAL_Driver/Src/stm32f1xx_hal_exti.c.obj
LOAD CMakeFiles/Software.elf.dir/Drivers/STM32F1xx_HAL_Driver/Src/stm32f1xx_hal_flash.c.obj
LOAD CMakeFiles/Software.elf.dir/Drivers/STM32F1xx_HAL_Driver/Src/stm32f1xx_hal_flash_ex.c.obj
LOAD CMakeFiles/Software.elf.dir/Drivers/STM32F1xx_HAL_Driver/Src/stm32f1xx_hal_gpio.c.obj
LOAD CMakeFiles/Software.elf.dir/Drivers/STM32F1xx_HAL_Driver/Src/stm32f1xx_hal_gpio_ex.c.obj
LOAD CMakeFiles/Software.elf.dir/Drivers/STM32F1xx_HAL_Driver/Src/stm32f1xx_hal_pcd.c.obj
LOAD CMakeFiles/Software.elf.dir/Drivers/STM32F1xx_HAL_Driver/Src/stm32f1xx_hal_pcd_ex.c.obj
LOAD CMakeFiles/Software.elf.dir/Drivers/STM32F1xx_HAL_Driver/Src/stm32f1xx_hal_pwr.c.obj
LOAD CMakeFiles/Software.elf.dir/Drivers/STM32F1xx_HAL_Driver/Src/stm32f1xx_hal_rcc.c.obj
LOAD CMakeFiles/Software.elf.dir/Drivers/STM32F1xx_HAL_Driver/Src/stm32f1xx_hal_rcc_ex.c.obj
LOAD CMakeFiles/Software.elf.dir/Drivers/STM32F1xx_HAL_Driver/Src/stm32f1xx_hal_spi.c.obj
LOAD CMakeFiles/Software.elf.dir/Drivers/STM32F1xx_HAL_Driver/Src/stm32f1xx_hal_tim.c.obj
LOAD CMakeFiles/Software.elf.dir/Drivers/STM32F1xx_HAL_Driver/Src/stm32f1xx_hal_tim_ex.c.obj
LOAD CMakeFiles/Software.elf.dir/Drivers/STM32F1xx_HAL_Driver/Src/stm32f1xx_ll_usb.c.obj
LOAD CMakeFiles/Software.elf.dir/Middlewares/ST/STM32_USB_Device_Library/Class/CDC/Src/usbd_cdc.c.obj
LOAD CMakeFiles/Software.elf.dir/Middlewares/ST/STM32_USB_Device_Library/Core/Src/usbd_core.c.obj
LOAD CMakeFiles/Software.elf.dir/Middlewares/ST/STM32_USB_Device_Library/Core/Src/usbd_ctlreq.c.obj
LOAD CMakeFiles/Software.elf.dir/Middlewares/ST/STM32_USB_Device_Library/Core/Src/usbd_ioreq.c.obj
LOAD CMakeFiles/Software.elf.dir/USB_DEVICE/App/usb_device.c.obj
LOAD CMakeFiles/Software.elf.dir/USB_DEVICE/App/usbd_cdc_if.c.obj
LOAD CMakeFiles/Software.elf.dir/USB_DEVICE/App/usbd_desc.c.obj
LOAD CMakeFiles/Software.elf.dir/USB_DEVICE/Target/usbd_conf.c.obj
LOAD CMakeFiles/Software.elf.dir/startup/startup_stm32f103xb.s.obj
START GROUP
LOAD /usr/lib/gcc/arm-none-eabi/10.2.0/thumb/v7-m/nofp/libgcc.a
LOAD /usr/lib/gcc/arm-none-eabi/10.2.0/../../../../arm-none-eabi/lib/thumb/v7-m/nofp/libg_nano.a
LOAD /usr/lib/gcc/arm-none-eabi/10.2.0/../../../../arm-none-eabi/lib/thumb/v7-m/nofp/libc_nano.a
END GROUP
START GROUP
LOAD /usr/lib/gcc/arm-none-eabi/10.2.0/thumb/v7-m/nofp/libgcc.a
LOAD /usr/lib/gcc/arm-none-eabi/10.2.0/../../../../arm-none-eabi/lib/thumb/v7-m/nofp/libc_nano.a
LOAD /usr/lib/gcc/arm-none-eabi/10.2.0/../../../../arm-none-eabi/lib/thumb/v7-m/nofp/libnosys.a
END GROUP
START GROUP
LOAD /usr/lib/gcc/arm-none-eabi/10.2.0/thumb/v7-m/nofp/libgcc.a
LOAD /usr/lib/gcc/arm-none-eabi/10.2.0/../../../../arm-none-eabi/lib/thumb/v7-m/nofp/libc_nano.a
LOAD /usr/lib/gcc/arm-none-eabi/10.2.0/../../../../arm-none-eabi/lib/thumb/v7-m/nofp/libnosys.a
END GROUP
LOAD /usr/lib/gcc/arm-none-eabi/10.2.0/thumb/v7-m/nofp/crtend.o
LOAD /usr/lib/gcc/arm-none-eabi/10.2.0/thumb/v7-m/nofp/crtn.o
                0x0000000020005000                _estack = 0x20005000
                0x0000000000000400                _Min_Heap_Size = 0x400
                0x0000000000000800                _Min_Stack_Size = 0x800

.isr_vector     0x0000000008000000      0x10c
                0x0000000008000000                . = ALIGN (0x4)
 *(.isr_vector)
 .isr_vector    0x0000000008000000      0x10c CMakeFiles/Software.elf.dir/startup/startup_stm32f103xb.s.obj
                0x0000000008000000                g_pfnVectors
                0x000000000800010c                . = ALIGN (0x4)

.text           0x000000000800010c     0x7168
                0x000000000800010c                . = ALIGN (0x4)
 *(.text)
 *(.text*)
 .text.__do_global_dtors_aux
                0x000000000800010c       0x24 /usr/lib/gcc/arm-none-eabi/10.2.0/thumb/v7-m/nofp/crtbegin.o
 .text.frame_dummy
                0x0000000008000130       0x1c /usr/lib/gcc/arm-none-eabi/10.2.0/thumb/v7-m/nofp/crtbegin.o
 .text.main     0x000000000800014c       0x1a CMakeFiles/Software.elf.dir/Core/Src/main.c.obj
                0x000000000800014c                main
 .text.SystemClock_Config
                0x0000000008000166       0xb6 CMakeFiles/Software.elf.dir/Core/Src/main.c.obj
                0x0000000008000166                SystemClock_Config
 .text.MX_SPI1_Init
                0x000000000800021c       0x6c CMakeFiles/Software.elf.dir/Core/Src/main.c.obj
 .text.MX_GPIO_Init
                0x0000000008000288       0x94 CMakeFiles/Software.elf.dir/Core/Src/main.c.obj
 .text.Error_Handler
                0x000000000800031c        0xc CMakeFiles/Software.elf.dir/Core/Src/main.c.obj
                0x000000000800031c                Error_Handler
 .text.HAL_MspInit
                0x0000000008000328       0x64 CMakeFiles/Software.elf.dir/Core/Src/stm32f1xx_hal_msp.c.obj
                0x0000000008000328                HAL_MspInit
 .text.HAL_SPI_MspInit
                0x000000000800038c       0x94 CMakeFiles/Software.elf.dir/Core/Src/stm32f1xx_hal_msp.c.obj
                0x000000000800038c                HAL_SPI_MspInit
 .text.NMI_Handler
                0x0000000008000420        0xc CMakeFiles/Software.elf.dir/Core/Src/stm32f1xx_it.c.obj
                0x0000000008000420                NMI_Handler
 .text.HardFault_Handler
                0x000000000800042c        0x6 CMakeFiles/Software.elf.dir/Core/Src/stm32f1xx_it.c.obj
                0x000000000800042c                HardFault_Handler
 .text.MemManage_Handler
                0x0000000008000432        0x6 CMakeFiles/Software.elf.dir/Core/Src/stm32f1xx_it.c.obj
                0x0000000008000432                MemManage_Handler
 .text.BusFault_Handler
                0x0000000008000438        0x6 CMakeFiles/Software.elf.dir/Core/Src/stm32f1xx_it.c.obj
                0x0000000008000438                BusFault_Handler
 .text.UsageFault_Handler
                0x000000000800043e        0x6 CMakeFiles/Software.elf.dir/Core/Src/stm32f1xx_it.c.obj
                0x000000000800043e                UsageFault_Handler
 .text.SVC_Handler
                0x0000000008000444        0xc CMakeFiles/Software.elf.dir/Core/Src/stm32f1xx_it.c.obj
                0x0000000008000444                SVC_Handler
 .text.DebugMon_Handler
                0x0000000008000450        0xc CMakeFiles/Software.elf.dir/Core/Src/stm32f1xx_it.c.obj
                0x0000000008000450                DebugMon_Handler
 .text.PendSV_Handler
                0x000000000800045c        0xc CMakeFiles/Software.elf.dir/Core/Src/stm32f1xx_it.c.obj
                0x000000000800045c                PendSV_Handler
 .text.SysTick_Handler
                0x0000000008000468        0xc CMakeFiles/Software.elf.dir/Core/Src/stm32f1xx_it.c.obj
                0x0000000008000468                SysTick_Handler
 .text.USB_LP_CAN1_RX0_IRQHandler
                0x0000000008000474       0x14 CMakeFiles/Software.elf.dir/Core/Src/stm32f1xx_it.c.obj
                0x0000000008000474                USB_LP_CAN1_RX0_IRQHandler
 .text.SystemInit
                0x0000000008000488        0xc CMakeFiles/Software.elf.dir/Core/Src/system_stm32f1xx.c.obj
                0x0000000008000488                SystemInit
 .text.HAL_Init
                0x0000000008000494       0x2c CMakeFiles/Software.elf.dir/Drivers/STM32F1xx_HAL_Driver/Src/stm32f1xx_hal.c.obj
                0x0000000008000494                HAL_Init
 .text.HAL_InitTick
                0x00000000080004c0       0x60 CMakeFiles/Software.elf.dir/Drivers/STM32F1xx_HAL_Driver/Src/stm32f1xx_hal.c.obj
                0x00000000080004c0                HAL_InitTick
 .text.HAL_IncTick
                0x0000000008000520       0x24 CMakeFiles/Software.elf.dir/Drivers/STM32F1xx_HAL_Driver/Src/stm32f1xx_hal.c.obj
                0x0000000008000520                HAL_IncTick
 .text.HAL_GetTick
                0x0000000008000544       0x14 CMakeFiles/Software.elf.dir/Drivers/STM32F1xx_HAL_Driver/Src/stm32f1xx_hal.c.obj
                0x0000000008000544                HAL_GetTick
 .text.__NVIC_SetPriorityGrouping
                0x0000000008000558       0x48 CMakeFiles/Software.elf.dir/Drivers/STM32F1xx_HAL_Driver/Src/stm32f1xx_hal_cortex.c.obj
 .text.__NVIC_GetPriorityGrouping
                0x00000000080005a0       0x1c CMakeFiles/Software.elf.dir/Drivers/STM32F1xx_HAL_Driver/Src/stm32f1xx_hal_cortex.c.obj
 .text.__NVIC_EnableIRQ
                0x00000000080005bc       0x38 CMakeFiles/Software.elf.dir/Drivers/STM32F1xx_HAL_Driver/Src/stm32f1xx_hal_cortex.c.obj
 .text.__NVIC_SetPriority
                0x00000000080005f4       0x54 CMakeFiles/Software.elf.dir/Drivers/STM32F1xx_HAL_Driver/Src/stm32f1xx_hal_cortex.c.obj
 .text.NVIC_EncodePriority
                0x0000000008000648       0x64 CMakeFiles/Software.elf.dir/Drivers/STM32F1xx_HAL_Driver/Src/stm32f1xx_hal_cortex.c.obj
 .text.SysTick_Config
                0x00000000080006ac       0x44 CMakeFiles/Software.elf.dir/Drivers/STM32F1xx_HAL_Driver/Src/stm32f1xx_hal_cortex.c.obj
 .text.HAL_NVIC_SetPriorityGrouping
                0x00000000080006f0       0x16 CMakeFiles/Software.elf.dir/Drivers/STM32F1xx_HAL_Driver/Src/stm32f1xx_hal_cortex.c.obj
                0x00000000080006f0                HAL_NVIC_SetPriorityGrouping
 .text.HAL_NVIC_SetPriority
                0x0000000008000706       0x38 CMakeFiles/Software.elf.dir/Drivers/STM32F1xx_HAL_Driver/Src/stm32f1xx_hal_cortex.c.obj
                0x0000000008000706                HAL_NVIC_SetPriority
 .text.HAL_NVIC_EnableIRQ
                0x000000000800073e       0x1c CMakeFiles/Software.elf.dir/Drivers/STM32F1xx_HAL_Driver/Src/stm32f1xx_hal_cortex.c.obj
                0x000000000800073e                HAL_NVIC_EnableIRQ
 .text.HAL_SYSTICK_Config
                0x000000000800075a       0x18 CMakeFiles/Software.elf.dir/Drivers/STM32F1xx_HAL_Driver/Src/stm32f1xx_hal_cortex.c.obj
                0x000000000800075a                HAL_SYSTICK_Config
 *fill*         0x0000000008000772        0x2 
 .text.HAL_GPIO_Init
                0x0000000008000774      0x308 CMakeFiles/Software.elf.dir/Drivers/STM32F1xx_HAL_Driver/Src/stm32f1xx_hal_gpio.c.obj
                0x0000000008000774                HAL_GPIO_Init
 .text.HAL_GPIO_WritePin
                0x0000000008000a7c       0x30 CMakeFiles/Software.elf.dir/Drivers/STM32F1xx_HAL_Driver/Src/stm32f1xx_hal_gpio.c.obj
                0x0000000008000a7c                HAL_GPIO_WritePin
 .text.HAL_PCD_Init
                0x0000000008000aac      0x216 CMakeFiles/Software.elf.dir/Drivers/STM32F1xx_HAL_Driver/Src/stm32f1xx_hal_pcd.c.obj
                0x0000000008000aac                HAL_PCD_Init
 .text.HAL_PCD_Start
                0x0000000008000cc2       0x4c CMakeFiles/Software.elf.dir/Drivers/STM32F1xx_HAL_Driver/Src/stm32f1xx_hal_pcd.c.obj
                0x0000000008000cc2                HAL_PCD_Start
 .text.HAL_PCD_IRQHandler
                0x0000000008000d0e      0x2aa CMakeFiles/Software.elf.dir/Drivers/STM32F1xx_HAL_Driver/Src/stm32f1xx_hal_pcd.c.obj
                0x0000000008000d0e                HAL_PCD_IRQHandler
 .text.HAL_PCD_SetAddress
                0x0000000008000fb8       0x4a CMakeFiles/Software.elf.dir/Drivers/STM32F1xx_HAL_Driver/Src/stm32f1xx_hal_pcd.c.obj
                0x0000000008000fb8                HAL_PCD_SetAddress
 .text.HAL_PCD_EP_Open
                0x0000000008001002       0xcc CMakeFiles/Software.elf.dir/Drivers/STM32F1xx_HAL_Driver/Src/stm32f1xx_hal_pcd.c.obj
                0x0000000008001002                HAL_PCD_EP_Open
 .text.HAL_PCD_EP_Close
                0x00000000080010ce       0x90 CMakeFiles/Software.elf.dir/Drivers/STM32F1xx_HAL_Driver/Src/stm32f1xx_hal_pcd.c.obj
                0x00000000080010ce                HAL_PCD_EP_Close
 .text.HAL_PCD_EP_Receive
                0x000000000800115e       0x7a CMakeFiles/Software.elf.dir/Drivers/STM32F1xx_HAL_Driver/Src/stm32f1xx_hal_pcd.c.obj
                0x000000000800115e                HAL_PCD_EP_Receive
 .text.HAL_PCD_EP_GetRxCount
                0x00000000080011d8       0x2e CMakeFiles/Software.elf.dir/Drivers/STM32F1xx_HAL_Driver/Src/stm32f1xx_hal_pcd.c.obj
                0x00000000080011d8                HAL_PCD_EP_GetRxCount
 .text.HAL_PCD_EP_Transmit
                0x0000000008001206       0x86 CMakeFiles/Software.elf.dir/Drivers/STM32F1xx_HAL_Driver/Src/stm32f1xx_hal_pcd.c.obj
                0x0000000008001206                HAL_PCD_EP_Transmit
 .text.HAL_PCD_EP_SetStall
                0x000000000800128c       0xc0 CMakeFiles/Software.elf.dir/Drivers/STM32F1xx_HAL_Driver/Src/stm32f1xx_hal_pcd.c.obj
                0x000000000800128c                HAL_PCD_EP_SetStall
 .text.HAL_PCD_EP_ClrStall
                0x000000000800134c       0xa8 CMakeFiles/Software.elf.dir/Drivers/STM32F1xx_HAL_Driver/Src/stm32f1xx_hal_pcd.c.obj
                0x000000000800134c                HAL_PCD_EP_ClrStall
 .text.PCD_EP_ISR_Handler
                0x00000000080013f4      0x5e6 CMakeFiles/Software.elf.dir/Drivers/STM32F1xx_HAL_Driver/Src/stm32f1xx_hal_pcd.c.obj
 .text.HAL_PCD_EP_DB_Receive
                0x00000000080019da      0x21a CMakeFiles/Software.elf.dir/Drivers/STM32F1xx_HAL_Driver/Src/stm32f1xx_hal_pcd.c.obj
 .text.HAL_PCD_EP_DB_Transmit
                0x0000000008001bf4      0x556 CMakeFiles/Software.elf.dir/Drivers/STM32F1xx_HAL_Driver/Src/stm32f1xx_hal_pcd.c.obj
 .text.HAL_PCDEx_PMAConfig
                0x000000000800214a       0x84 CMakeFiles/Software.elf.dir/Drivers/STM32F1xx_HAL_Driver/Src/stm32f1xx_hal_pcd_ex.c.obj
                0x000000000800214a                HAL_PCDEx_PMAConfig
 *fill*         0x00000000080021ce        0x2 
 .text.HAL_RCC_OscConfig
                0x00000000080021d0      0x504 CMakeFiles/Software.elf.dir/Drivers/STM32F1xx_HAL_Driver/Src/stm32f1xx_hal_rcc.c.obj
                0x00000000080021d0                HAL_RCC_OscConfig
 .text.HAL_RCC_ClockConfig
                0x00000000080026d4      0x1d4 CMakeFiles/Software.elf.dir/Drivers/STM32F1xx_HAL_Driver/Src/stm32f1xx_hal_rcc.c.obj
                0x00000000080026d4                HAL_RCC_ClockConfig
 .text.HAL_RCC_GetSysClockFreq
                0x00000000080028a8       0xc0 CMakeFiles/Software.elf.dir/Drivers/STM32F1xx_HAL_Driver/Src/stm32f1xx_hal_rcc.c.obj
                0x00000000080028a8                HAL_RCC_GetSysClockFreq
 .text.RCC_Delay
                0x0000000008002968       0x3c CMakeFiles/Software.elf.dir/Drivers/STM32F1xx_HAL_Driver/Src/stm32f1xx_hal_rcc.c.obj
 .text.HAL_RCCEx_PeriphCLKConfig
                0x00000000080029a4      0x16c CMakeFiles/Software.elf.dir/Drivers/STM32F1xx_HAL_Driver/Src/stm32f1xx_hal_rcc_ex.c.obj
                0x00000000080029a4                HAL_RCCEx_PeriphCLKConfig
 .text.HAL_SPI_Init
                0x0000000008002b10       0xc2 CMakeFiles/Software.elf.dir/Drivers/STM32F1xx_HAL_Driver/Src/stm32f1xx_hal_spi.c.obj
                0x0000000008002b10                HAL_SPI_Init
 .text.USB_CoreInit
                0x0000000008002bd2       0x20 CMakeFiles/Software.elf.dir/Drivers/STM32F1xx_HAL_Driver/Src/stm32f1xx_ll_usb.c.obj
                0x0000000008002bd2                USB_CoreInit
 .text.USB_EnableGlobalInt
                0x0000000008002bf2       0x2c CMakeFiles/Software.elf.dir/Drivers/STM32F1xx_HAL_Driver/Src/stm32f1xx_ll_usb.c.obj
                0x0000000008002bf2                USB_EnableGlobalInt
 .text.USB_DisableGlobalInt
                0x0000000008002c1e       0x34 CMakeFiles/Software.elf.dir/Drivers/STM32F1xx_HAL_Driver/Src/stm32f1xx_ll_usb.c.obj
                0x0000000008002c1e                USB_DisableGlobalInt
 .text.USB_SetCurrentMode
                0x0000000008002c52       0x18 CMakeFiles/Software.elf.dir/Drivers/STM32F1xx_HAL_Driver/Src/stm32f1xx_ll_usb.c.obj
                0x0000000008002c52                USB_SetCurrentMode
 .text.USB_DevInit
                0x0000000008002c6a       0x40 CMakeFiles/Software.elf.dir/Drivers/STM32F1xx_HAL_Driver/Src/stm32f1xx_ll_usb.c.obj
                0x0000000008002c6a                USB_DevInit
 *fill*         0x0000000008002caa        0x2 
 .text.USB_ActivateEndpoint
                0x0000000008002cac      0x6d4 CMakeFiles/Software.elf.dir/Drivers/STM32F1xx_HAL_Driver/Src/stm32f1xx_ll_usb.c.obj
                0x0000000008002cac                USB_ActivateEndpoint
 .text.USB_DeactivateEndpoint
                0x0000000008003380      0x3d8 CMakeFiles/Software.elf.dir/Drivers/STM32F1xx_HAL_Driver/Src/stm32f1xx_ll_usb.c.obj
                0x0000000008003380                USB_DeactivateEndpoint
 .text.USB_EPStartXfer
                0x0000000008003758     0x174e CMakeFiles/Software.elf.dir/Drivers/STM32F1xx_HAL_Driver/Src/stm32f1xx_ll_usb.c.obj
                0x0000000008003758                USB_EPStartXfer
 .text.USB_EPSetStall
                0x0000000008004ea6       0xa0 CMakeFiles/Software.elf.dir/Drivers/STM32F1xx_HAL_Driver/Src/stm32f1xx_ll_usb.c.obj
                0x0000000008004ea6                USB_EPSetStall
 .text.USB_EPClearStall
                0x0000000008004f46      0x15a CMakeFiles/Software.elf.dir/Drivers/STM32F1xx_HAL_Driver/Src/stm32f1xx_ll_usb.c.obj
                0x0000000008004f46                USB_EPClearStall
 .text.USB_SetDevAddress
                0x00000000080050a0       0x26 CMakeFiles/Software.elf.dir/Drivers/STM32F1xx_HAL_Driver/Src/stm32f1xx_ll_usb.c.obj
                0x00000000080050a0                USB_SetDevAddress
 .text.USB_DevConnect
                0x00000000080050c6       0x14 CMakeFiles/Software.elf.dir/Drivers/STM32F1xx_HAL_Driver/Src/stm32f1xx_ll_usb.c.obj
                0x00000000080050c6                USB_DevConnect
 .text.USB_DevDisconnect
                0x00000000080050da       0x14 CMakeFiles/Software.elf.dir/Drivers/STM32F1xx_HAL_Driver/Src/stm32f1xx_ll_usb.c.obj
                0x00000000080050da                USB_DevDisconnect
 .text.USB_ReadInterrupts
                0x00000000080050ee       0x1e CMakeFiles/Software.elf.dir/Drivers/STM32F1xx_HAL_Driver/Src/stm32f1xx_ll_usb.c.obj
                0x00000000080050ee                USB_ReadInterrupts
 .text.USB_EP0_OutStart
                0x000000000800510c       0x16 CMakeFiles/Software.elf.dir/Drivers/STM32F1xx_HAL_Driver/Src/stm32f1xx_ll_usb.c.obj
                0x000000000800510c                USB_EP0_OutStart
 .text.USB_WritePMA
                0x0000000008005122       0x8a CMakeFiles/Software.elf.dir/Drivers/STM32F1xx_HAL_Driver/Src/stm32f1xx_ll_usb.c.obj
                0x0000000008005122                USB_WritePMA
 .text.USB_ReadPMA
                0x00000000080051ac       0x9e CMakeFiles/Software.elf.dir/Drivers/STM32F1xx_HAL_Driver/Src/stm32f1xx_ll_usb.c.obj
                0x00000000080051ac                USB_ReadPMA
 .text.USBD_CDC_Init
                0x000000000800524a       0xf4 CMakeFiles/Software.elf.dir/Middlewares/ST/STM32_USB_Device_Library/Class/CDC/Src/usbd_cdc.c.obj
 .text.USBD_CDC_DeInit
                0x000000000800533e       0x6e CMakeFiles/Software.elf.dir/Middlewares/ST/STM32_USB_Device_Library/Class/CDC/Src/usbd_cdc.c.obj
 .text.USBD_CDC_Setup
                0x00000000080053ac      0x146 CMakeFiles/Software.elf.dir/Middlewares/ST/STM32_USB_Device_Library/Class/CDC/Src/usbd_cdc.c.obj
 .text.USBD_CDC_DataIn
                0x00000000080054f2       0xa6 CMakeFiles/Software.elf.dir/Middlewares/ST/STM32_USB_Device_Library/Class/CDC/Src/usbd_cdc.c.obj
 .text.USBD_CDC_DataOut
                0x0000000008005598       0x56 CMakeFiles/Software.elf.dir/Middlewares/ST/STM32_USB_Device_Library/Class/CDC/Src/usbd_cdc.c.obj
 .text.USBD_CDC_EP0_RxReady
                0x00000000080055ee       0x50 CMakeFiles/Software.elf.dir/Middlewares/ST/STM32_USB_Device_Library/Class/CDC/Src/usbd_cdc.c.obj
 *fill*         0x000000000800563e        0x2 
 .text.USBD_CDC_GetFSCfgDesc
                0x0000000008005640       0x20 CMakeFiles/Software.elf.dir/Middlewares/ST/STM32_USB_Device_Library/Class/CDC/Src/usbd_cdc.c.obj
 .text.USBD_CDC_GetHSCfgDesc
                0x0000000008005660       0x20 CMakeFiles/Software.elf.dir/Middlewares/ST/STM32_USB_Device_Library/Class/CDC/Src/usbd_cdc.c.obj
 .text.USBD_CDC_GetOtherSpeedCfgDesc
                0x0000000008005680       0x20 CMakeFiles/Software.elf.dir/Middlewares/ST/STM32_USB_Device_Library/Class/CDC/Src/usbd_cdc.c.obj
 .text.USBD_CDC_GetDeviceQualifierDescriptor
                0x00000000080056a0       0x20 CMakeFiles/Software.elf.dir/Middlewares/ST/STM32_USB_Device_Library/Class/CDC/Src/usbd_cdc.c.obj
                0x00000000080056a0                USBD_CDC_GetDeviceQualifierDescriptor
 .text.USBD_CDC_RegisterInterface
                0x00000000080056c0       0x2c CMakeFiles/Software.elf.dir/Middlewares/ST/STM32_USB_Device_Library/Class/CDC/Src/usbd_cdc.c.obj
                0x00000000080056c0                USBD_CDC_RegisterInterface
 .text.USBD_CDC_SetTxBuffer
                0x00000000080056ec       0x32 CMakeFiles/Software.elf.dir/Middlewares/ST/STM32_USB_Device_Library/Class/CDC/Src/usbd_cdc.c.obj
                0x00000000080056ec                USBD_CDC_SetTxBuffer
 .text.USBD_CDC_SetRxBuffer
                0x000000000800571e       0x26 CMakeFiles/Software.elf.dir/Middlewares/ST/STM32_USB_Device_Library/Class/CDC/Src/usbd_cdc.c.obj
                0x000000000800571e                USBD_CDC_SetRxBuffer
 .text.USBD_CDC_ReceivePacket
                0x0000000008005744       0x54 CMakeFiles/Software.elf.dir/Middlewares/ST/STM32_USB_Device_Library/Class/CDC/Src/usbd_cdc.c.obj
                0x0000000008005744                USBD_CDC_ReceivePacket
 .text.USBD_Init
                0x0000000008005798       0x56 CMakeFiles/Software.elf.dir/Middlewares/ST/STM32_USB_Device_Library/Core/Src/usbd_core.c.obj
                0x0000000008005798                USBD_Init
 .text.USBD_RegisterClass
                0x00000000080057ee       0x32 CMakeFiles/Software.elf.dir/Middlewares/ST/STM32_USB_Device_Library/Core/Src/usbd_core.c.obj
                0x00000000080057ee                USBD_RegisterClass
 .text.USBD_Start
                0x0000000008005820       0x18 CMakeFiles/Software.elf.dir/Middlewares/ST/STM32_USB_Device_Library/Core/Src/usbd_core.c.obj
                0x0000000008005820                USBD_Start
 .text.USBD_RunTestMode
                0x0000000008005838       0x14 CMakeFiles/Software.elf.dir/Middlewares/ST/STM32_USB_Device_Library/Core/Src/usbd_core.c.obj
                0x0000000008005838                USBD_RunTestMode
 .text.USBD_SetClassConfig
                0x000000000800584c       0x3e CMakeFiles/Software.elf.dir/Middlewares/ST/STM32_USB_Device_Library/Core/Src/usbd_core.c.obj
                0x000000000800584c                USBD_SetClassConfig
 .text.USBD_ClrClassConfig
                0x000000000800588a       0x26 CMakeFiles/Software.elf.dir/Middlewares/ST/STM32_USB_Device_Library/Core/Src/usbd_core.c.obj
                0x000000000800588a                USBD_ClrClassConfig
 .text.USBD_LL_SetupStage
                0x00000000080058b0       0x9a CMakeFiles/Software.elf.dir/Middlewares/ST/STM32_USB_Device_Library/Core/Src/usbd_core.c.obj
                0x00000000080058b0                USBD_LL_SetupStage
 .text.USBD_LL_DataOutStage
                0x000000000800594a       0xe2 CMakeFiles/Software.elf.dir/Middlewares/ST/STM32_USB_Device_Library/Core/Src/usbd_core.c.obj
                0x000000000800594a                USBD_LL_DataOutStage
 .text.USBD_LL_DataInStage
                0x0000000008005a2c      0x14a CMakeFiles/Software.elf.dir/Middlewares/ST/STM32_USB_Device_Library/Core/Src/usbd_core.c.obj
                0x0000000008005a2c                USBD_LL_DataInStage
 .text.USBD_LL_Reset
                0x0000000008005b76       0x82 CMakeFiles/Software.elf.dir/Middlewares/ST/STM32_USB_Device_Library/Core/Src/usbd_core.c.obj
                0x0000000008005b76                USBD_LL_Reset
 .text.USBD_LL_SetSpeed
                0x0000000008005bf8       0x1e CMakeFiles/Software.elf.dir/Middlewares/ST/STM32_USB_Device_Library/Core/Src/usbd_core.c.obj
                0x0000000008005bf8                USBD_LL_SetSpeed
 .text.USBD_LL_Suspend
                0x0000000008005c16       0x28 CMakeFiles/Software.elf.dir/Middlewares/ST/STM32_USB_Device_Library/Core/Src/usbd_core.c.obj
                0x0000000008005c16                USBD_LL_Suspend
 .text.USBD_LL_Resume
                0x0000000008005c3e       0x2a CMakeFiles/Software.elf.dir/Middlewares/ST/STM32_USB_Device_Library/Core/Src/usbd_core.c.obj
                0x0000000008005c3e                USBD_LL_Resume
 .text.USBD_LL_SOF
                0x0000000008005c68       0x34 CMakeFiles/Software.elf.dir/Middlewares/ST/STM32_USB_Device_Library/Core/Src/usbd_core.c.obj
                0x0000000008005c68                USBD_LL_SOF
 .text.USBD_StdDevReq
                0x0000000008005c9c       0xd4 CMakeFiles/Software.elf.dir/Middlewares/ST/STM32_USB_Device_Library/Core/Src/usbd_ctlreq.c.obj
                0x0000000008005c9c                USBD_StdDevReq
 .text.USBD_StdItfReq
                0x0000000008005d70       0x90 CMakeFiles/Software.elf.dir/Middlewares/ST/STM32_USB_Device_Library/Core/Src/usbd_ctlreq.c.obj
                0x0000000008005d70                USBD_StdItfReq
 .text.USBD_StdEPReq
                0x0000000008005e00      0x2c6 CMakeFiles/Software.elf.dir/Middlewares/ST/STM32_USB_Device_Library/Core/Src/usbd_ctlreq.c.obj
                0x0000000008005e00                USBD_StdEPReq
 *fill*         0x00000000080060c6        0x2 
 .text.USBD_GetDescriptor
                0x00000000080060c8      0x2d0 CMakeFiles/Software.elf.dir/Middlewares/ST/STM32_USB_Device_Library/Core/Src/usbd_ctlreq.c.obj
 .text.USBD_SetAddress
                0x0000000008006398       0x86 CMakeFiles/Software.elf.dir/Middlewares/ST/STM32_USB_Device_Library/Core/Src/usbd_ctlreq.c.obj
 *fill*         0x000000000800641e        0x2 
 .text.USBD_SetConfig
                0x0000000008006420      0x11c CMakeFiles/Software.elf.dir/Middlewares/ST/STM32_USB_Device_Library/Core/Src/usbd_ctlreq.c.obj
 .text.USBD_GetConfig
                0x000000000800653c       0x6a CMakeFiles/Software.elf.dir/Middlewares/ST/STM32_USB_Device_Library/Core/Src/usbd_ctlreq.c.obj
 .text.USBD_GetStatus
                0x00000000080065a6       0x66 CMakeFiles/Software.elf.dir/Middlewares/ST/STM32_USB_Device_Library/Core/Src/usbd_ctlreq.c.obj
 .text.USBD_SetFeature
                0x000000000800660c       0x28 CMakeFiles/Software.elf.dir/Middlewares/ST/STM32_USB_Device_Library/Core/Src/usbd_ctlreq.c.obj
 .text.USBD_ClrFeature
                0x0000000008006634       0x42 CMakeFiles/Software.elf.dir/Middlewares/ST/STM32_USB_Device_Library/Core/Src/usbd_ctlreq.c.obj
 .text.USBD_ParseSetupRequest
                0x0000000008006676       0x78 CMakeFiles/Software.elf.dir/Middlewares/ST/STM32_USB_Device_Library/Core/Src/usbd_ctlreq.c.obj
                0x0000000008006676                USBD_ParseSetupRequest
 .text.USBD_CtlError
                0x00000000080066ee       0x22 CMakeFiles/Software.elf.dir/Middlewares/ST/STM32_USB_Device_Library/Core/Src/usbd_ctlreq.c.obj
                0x00000000080066ee                USBD_CtlError
 .text.USBD_GetString
                0x0000000008006710       0x84 CMakeFiles/Software.elf.dir/Middlewares/ST/STM32_USB_Device_Library/Core/Src/usbd_ctlreq.c.obj
                0x0000000008006710                USBD_GetString
 .text.USBD_GetLen
                0x0000000008006794       0x2e CMakeFiles/Software.elf.dir/Middlewares/ST/STM32_USB_Device_Library/Core/Src/usbd_ctlreq.c.obj
 .text.USBD_CtlSendData
                0x00000000080067c2       0x38 CMakeFiles/Software.elf.dir/Middlewares/ST/STM32_USB_Device_Library/Core/Src/usbd_ioreq.c.obj
                0x00000000080067c2                USBD_CtlSendData
 .text.USBD_CtlContinueSendData
                0x00000000080067fa       0x24 CMakeFiles/Software.elf.dir/Middlewares/ST/STM32_USB_Device_Library/Core/Src/usbd_ioreq.c.obj
                0x00000000080067fa                USBD_CtlContinueSendData
 .text.USBD_CtlPrepareRx
                0x000000000800681e       0x3c CMakeFiles/Software.elf.dir/Middlewares/ST/STM32_USB_Device_Library/Core/Src/usbd_ioreq.c.obj
                0x000000000800681e                USBD_CtlPrepareRx
 .text.USBD_CtlContinueRx
                0x000000000800685a       0x24 CMakeFiles/Software.elf.dir/Middlewares/ST/STM32_USB_Device_Library/Core/Src/usbd_ioreq.c.obj
                0x000000000800685a                USBD_CtlContinueRx
 .text.USBD_CtlSendStatus
                0x000000000800687e       0x26 CMakeFiles/Software.elf.dir/Middlewares/ST/STM32_USB_Device_Library/Core/Src/usbd_ioreq.c.obj
                0x000000000800687e                USBD_CtlSendStatus
 .text.USBD_CtlReceiveStatus
                0x00000000080068a4       0x26 CMakeFiles/Software.elf.dir/Middlewares/ST/STM32_USB_Device_Library/Core/Src/usbd_ioreq.c.obj
                0x00000000080068a4                USBD_CtlReceiveStatus
 *fill*         0x00000000080068ca        0x2 
 .text.MX_USB_DEVICE_Init
                0x00000000080068cc       0x60 CMakeFiles/Software.elf.dir/USB_DEVICE/App/usb_device.c.obj
                0x00000000080068cc                MX_USB_DEVICE_Init
 .text.CDC_Init_FS
                0x000000000800692c       0x28 CMakeFiles/Software.elf.dir/USB_DEVICE/App/usbd_cdc_if.c.obj
 .text.CDC_DeInit_FS
                0x0000000008006954        0xe CMakeFiles/Software.elf.dir/USB_DEVICE/App/usbd_cdc_if.c.obj
 *fill*         0x0000000008006962        0x2 
 .text.CDC_Control_FS
                0x0000000008006964       0xbc CMakeFiles/Software.elf.dir/USB_DEVICE/App/usbd_cdc_if.c.obj
 .text.CDC_Receive_FS
                0x0000000008006a20       0x28 CMakeFiles/Software.elf.dir/USB_DEVICE/App/usbd_cdc_if.c.obj
 .text.USBD_FS_DeviceDescriptor
                0x0000000008006a48       0x24 CMakeFiles/Software.elf.dir/USB_DEVICE/App/usbd_desc.c.obj
                0x0000000008006a48                USBD_FS_DeviceDescriptor
 .text.USBD_FS_LangIDStrDescriptor
                0x0000000008006a6c       0x24 CMakeFiles/Software.elf.dir/USB_DEVICE/App/usbd_desc.c.obj
                0x0000000008006a6c                USBD_FS_LangIDStrDescriptor
 .text.USBD_FS_ProductStrDescriptor
                0x0000000008006a90       0x3c CMakeFiles/Software.elf.dir/USB_DEVICE/App/usbd_desc.c.obj
                0x0000000008006a90                USBD_FS_ProductStrDescriptor
 .text.USBD_FS_ManufacturerStrDescriptor
                0x0000000008006acc       0x28 CMakeFiles/Software.elf.dir/USB_DEVICE/App/usbd_desc.c.obj
                0x0000000008006acc                USBD_FS_ManufacturerStrDescriptor
 .text.USBD_FS_SerialStrDescriptor
                0x0000000008006af4       0x24 CMakeFiles/Software.elf.dir/USB_DEVICE/App/usbd_desc.c.obj
                0x0000000008006af4                USBD_FS_SerialStrDescriptor
 .text.USBD_FS_ConfigStrDescriptor
                0x0000000008006b18       0x3c CMakeFiles/Software.elf.dir/USB_DEVICE/App/usbd_desc.c.obj
                0x0000000008006b18                USBD_FS_ConfigStrDescriptor
 .text.USBD_FS_InterfaceStrDescriptor
                0x0000000008006b54       0x3c CMakeFiles/Software.elf.dir/USB_DEVICE/App/usbd_desc.c.obj
                0x0000000008006b54                USBD_FS_InterfaceStrDescriptor
 .text.Get_SerialNum
                0x0000000008006b90       0x58 CMakeFiles/Software.elf.dir/USB_DEVICE/App/usbd_desc.c.obj
 .text.IntToUnicode
                0x0000000008006be8       0x7c CMakeFiles/Software.elf.dir/USB_DEVICE/App/usbd_desc.c.obj
 .text.HAL_PCD_MspInit
                0x0000000008006c64       0x4c CMakeFiles/Software.elf.dir/USB_DEVICE/Target/usbd_conf.c.obj
                0x0000000008006c64                HAL_PCD_MspInit
 .text.HAL_PCD_SetupStageCallback
                0x0000000008006cb0       0x24 CMakeFiles/Software.elf.dir/USB_DEVICE/Target/usbd_conf.c.obj
                0x0000000008006cb0                HAL_PCD_SetupStageCallback
 .text.HAL_PCD_DataOutStageCallback
                0x0000000008006cd4       0x36 CMakeFiles/Software.elf.dir/USB_DEVICE/Target/usbd_conf.c.obj
                0x0000000008006cd4                HAL_PCD_DataOutStageCallback
 .text.HAL_PCD_DataInStageCallback
                0x0000000008006d0a       0x34 CMakeFiles/Software.elf.dir/USB_DEVICE/Target/usbd_conf.c.obj
                0x0000000008006d0a                HAL_PCD_DataInStageCallback
 .text.HAL_PCD_SOFCallback
                0x0000000008006d3e       0x1c CMakeFiles/Software.elf.dir/USB_DEVICE/Target/usbd_conf.c.obj
                0x0000000008006d3e                HAL_PCD_SOFCallback
 .text.HAL_PCD_ResetCallback
                0x0000000008006d5a       0x3c CMakeFiles/Software.elf.dir/USB_DEVICE/Target/usbd_conf.c.obj
                0x0000000008006d5a                HAL_PCD_ResetCallback
 *fill*         0x0000000008006d96        0x2 
 .text.HAL_PCD_SuspendCallback
                0x0000000008006d98       0x34 CMakeFiles/Software.elf.dir/USB_DEVICE/Target/usbd_conf.c.obj
                0x0000000008006d98                HAL_PCD_SuspendCallback
 .text.HAL_PCD_ResumeCallback
                0x0000000008006dcc       0x1c CMakeFiles/Software.elf.dir/USB_DEVICE/Target/usbd_conf.c.obj
                0x0000000008006dcc                HAL_PCD_ResumeCallback
 .text.USBD_LL_Init
                0x0000000008006de8       0xb4 CMakeFiles/Software.elf.dir/USB_DEVICE/Target/usbd_conf.c.obj
                0x0000000008006de8                USBD_LL_Init
 .text.USBD_LL_Start
                0x0000000008006e9c       0x36 CMakeFiles/Software.elf.dir/USB_DEVICE/Target/usbd_conf.c.obj
                0x0000000008006e9c                USBD_LL_Start
 .text.USBD_LL_OpenEP
                0x0000000008006ed2       0x4c CMakeFiles/Software.elf.dir/USB_DEVICE/Target/usbd_conf.c.obj
                0x0000000008006ed2                USBD_LL_OpenEP
 .text.USBD_LL_CloseEP
                0x0000000008006f1e       0x3e CMakeFiles/Software.elf.dir/USB_DEVICE/Target/usbd_conf.c.obj
                0x0000000008006f1e                USBD_LL_CloseEP
 .text.USBD_LL_StallEP
                0x0000000008006f5c       0x3e CMakeFiles/Software.elf.dir/USB_DEVICE/Target/usbd_conf.c.obj
                0x0000000008006f5c                USBD_LL_StallEP
 .text.USBD_LL_ClearStallEP
                0x0000000008006f9a       0x3e CMakeFiles/Software.elf.dir/USB_DEVICE/Target/usbd_conf.c.obj
                0x0000000008006f9a                USBD_LL_ClearStallEP
 .text.USBD_LL_IsStallEP
                0x0000000008006fd8       0x58 CMakeFiles/Software.elf.dir/USB_DEVICE/Target/usbd_conf.c.obj
                0x0000000008006fd8                USBD_LL_IsStallEP
 .text.USBD_LL_SetUSBAddress
                0x0000000008007030       0x3e CMakeFiles/Software.elf.dir/USB_DEVICE/Target/usbd_conf.c.obj
                0x0000000008007030                USBD_LL_SetUSBAddress
 .text.USBD_LL_Transmit
                0x000000000800706e       0x46 CMakeFiles/Software.elf.dir/USB_DEVICE/Target/usbd_conf.c.obj
                0x000000000800706e                USBD_LL_Transmit
 .text.USBD_LL_PrepareReceive
                0x00000000080070b4       0x46 CMakeFiles/Software.elf.dir/USB_DEVICE/Target/usbd_conf.c.obj
                0x00000000080070b4                USBD_LL_PrepareReceive
 .text.USBD_LL_GetRxDataSize
                0x00000000080070fa       0x26 CMakeFiles/Software.elf.dir/USB_DEVICE/Target/usbd_conf.c.obj
                0x00000000080070fa                USBD_LL_GetRxDataSize
 .text.USBD_static_malloc
                0x0000000008007120       0x18 CMakeFiles/Software.elf.dir/USB_DEVICE/Target/usbd_conf.c.obj
                0x0000000008007120                USBD_static_malloc
 .text.USBD_static_free
                0x0000000008007138       0x12 CMakeFiles/Software.elf.dir/USB_DEVICE/Target/usbd_conf.c.obj
                0x0000000008007138                USBD_static_free
 .text.HAL_PCDEx_SetConnectionState
                0x000000000800714a       0x16 CMakeFiles/Software.elf.dir/USB_DEVICE/Target/usbd_conf.c.obj
                0x000000000800714a                HAL_PCDEx_SetConnectionState
 .text.USBD_Get_USB_Status
                0x0000000008007160       0x58 CMakeFiles/Software.elf.dir/USB_DEVICE/Target/usbd_conf.c.obj
 .text.Reset_Handler
                0x00000000080071b8       0x48 CMakeFiles/Software.elf.dir/startup/startup_stm32f103xb.s.obj
                0x00000000080071b8                Reset_Handler
 .text.Default_Handler
                0x0000000008007200        0x2 CMakeFiles/Software.elf.dir/startup/startup_stm32f103xb.s.obj
                0x0000000008007200                RTC_Alarm_IRQHandler
                0x0000000008007200                EXTI2_IRQHandler
                0x0000000008007200                TIM1_CC_IRQHandler
                0x0000000008007200                PVD_IRQHandler
                0x0000000008007200                EXTI3_IRQHandler
                0x0000000008007200                EXTI0_IRQHandler
                0x0000000008007200                I2C2_EV_IRQHandler
                0x0000000008007200                ADC1_2_IRQHandler
                0x0000000008007200                SPI1_IRQHandler
                0x0000000008007200                TAMPER_IRQHandler
                0x0000000008007200                DMA1_Channel4_IRQHandler
                0x0000000008007200                USART3_IRQHandler
                0x0000000008007200                RTC_IRQHandler
                0x0000000008007200                DMA1_Channel7_IRQHandler
                0x0000000008007200                CAN1_RX1_IRQHandler
                0x0000000008007200                TIM4_IRQHandler
                0x0000000008007200                I2C1_EV_IRQHandler
                0x0000000008007200                DMA1_Channel6_IRQHandler
                0x0000000008007200                TIM3_IRQHandler
                0x0000000008007200                RCC_IRQHandler
                0x0000000008007200                TIM1_TRG_COM_IRQHandler
                0x0000000008007200                DMA1_Channel1_IRQHandler
                0x0000000008007200                Default_Handler
                0x0000000008007200                EXTI15_10_IRQHandler
                0x0000000008007200                EXTI9_5_IRQHandler
                0x0000000008007200                SPI2_IRQHandler
                0x0000000008007200                DMA1_Channel5_IRQHandler
                0x0000000008007200                EXTI4_IRQHandler
                0x0000000008007200                USB_HP_CAN1_TX_IRQHandler
                0x0000000008007200                DMA1_Channel3_IRQHandler
                0x0000000008007200                TIM1_UP_IRQHandler
                0x0000000008007200                WWDG_IRQHandler
                0x0000000008007200                TIM2_IRQHandler
                0x0000000008007200                TIM1_BRK_IRQHandler
                0x0000000008007200                EXTI1_IRQHandler
                0x0000000008007200                USART2_IRQHandler
                0x0000000008007200                I2C2_ER_IRQHandler
                0x0000000008007200                DMA1_Channel2_IRQHandler
                0x0000000008007200                CAN1_SCE_IRQHandler
                0x0000000008007200                FLASH_IRQHandler
                0x0000000008007200                USART1_IRQHandler
                0x0000000008007200                I2C1_ER_IRQHandler
                0x0000000008007200                USBWakeUp_IRQHandler
 *fill*         0x0000000008007202        0x2 
 .text.__libc_init_array
                0x0000000008007204       0x48 /usr/lib/gcc/arm-none-eabi/10.2.0/../../../../arm-none-eabi/lib/thumb/v7-m/nofp/libg_nano.a(lib_a-init.o)
                0x0000000008007204                __libc_init_array
 .text.memset   0x000000000800724c       0x10 /usr/lib/gcc/arm-none-eabi/10.2.0/../../../../arm-none-eabi/lib/thumb/v7-m/nofp/libg_nano.a(lib_a-memset.o)
                0x000000000800724c                memset
 *(.glue_7)
 .glue_7        0x000000000800725c        0x0 linker stubs
 *(.glue_7t)
 .glue_7t       0x000000000800725c        0x0 linker stubs
 *(.eh_frame)
 .eh_frame      0x000000000800725c        0x0 /usr/lib/gcc/arm-none-eabi/10.2.0/thumb/v7-m/nofp/crtbegin.o
 *(.init)
 .init          0x000000000800725c        0x4 /usr/lib/gcc/arm-none-eabi/10.2.0/thumb/v7-m/nofp/crti.o
                0x000000000800725c                _init
 .init          0x0000000008007260        0x8 /usr/lib/gcc/arm-none-eabi/10.2.0/thumb/v7-m/nofp/crtn.o
 *(.fini)
 .fini          0x0000000008007268        0x4 /usr/lib/gcc/arm-none-eabi/10.2.0/thumb/v7-m/nofp/crti.o
                0x0000000008007268                _fini
 .fini          0x000000000800726c        0x8 /usr/lib/gcc/arm-none-eabi/10.2.0/thumb/v7-m/nofp/crtn.o
                0x0000000008007274                . = ALIGN (0x4)
                0x0000000008007274                _etext = .

.vfp11_veneer   0x0000000008007274        0x0
 .vfp11_veneer  0x0000000008007274        0x0 linker stubs

.v4_bx          0x0000000008007274        0x0
 .v4_bx         0x0000000008007274        0x0 linker stubs

.iplt           0x0000000008007274        0x0
 .iplt          0x0000000008007274        0x0 /usr/lib/gcc/arm-none-eabi/10.2.0/thumb/v7-m/nofp/crtbegin.o

.rodata         0x0000000008007274       0x68
                0x0000000008007274                . = ALIGN (0x4)
 *(.rodata)
 .rodata        0x0000000008007274       0x10 CMakeFiles/Software.elf.dir/Drivers/STM32F1xx_HAL_Driver/Src/stm32f1xx_hal_rcc.c.obj
 .rodata        0x0000000008007284       0x46 CMakeFiles/Software.elf.dir/USB_DEVICE/App/usbd_desc.c.obj
 *(.rodata*)
 *fill*         0x00000000080072ca        0x2 
 .rodata.AHBPrescTable
                0x00000000080072cc       0x10 CMakeFiles/Software.elf.dir/Core/Src/system_stm32f1xx.c.obj
                0x00000000080072cc                AHBPrescTable
                0x00000000080072dc                . = ALIGN (0x4)

.rel.dyn        0x00000000080072dc        0x0
 .rel.iplt      0x00000000080072dc        0x0 /usr/lib/gcc/arm-none-eabi/10.2.0/thumb/v7-m/nofp/crtbegin.o

.ARM.extab
 *(.ARM.extab* .gnu.linkonce.armextab.*)

.ARM            0x00000000080072dc        0x0
                0x00000000080072dc                __exidx_start = .
 *(.ARM.exidx*)
                0x00000000080072dc                __exidx_end = .

.preinit_array  0x00000000080072dc        0x0
                0x00000000080072dc                PROVIDE (__preinit_array_start = .)
 *(.preinit_array*)
                0x00000000080072dc                PROVIDE (__preinit_array_end = .)

.init_array     0x00000000080072dc        0x4
                0x00000000080072dc                PROVIDE (__init_array_start = .)
 *(SORT_BY_NAME(.init_array.*))
 *(.init_array*)
 .init_array    0x00000000080072dc        0x4 /usr/lib/gcc/arm-none-eabi/10.2.0/thumb/v7-m/nofp/crtbegin.o
                0x00000000080072e0                PROVIDE (__init_array_end = .)

.fini_array     0x00000000080072e0        0x4
                0x00000000080072e0                PROVIDE (__fini_array_start = .)
 *(SORT_BY_NAME(.fini_array.*))
 *(.fini_array*)
 .fini_array    0x00000000080072e0        0x4 /usr/lib/gcc/arm-none-eabi/10.2.0/thumb/v7-m/nofp/crtbegin.o
                0x00000000080072e4                PROVIDE (__fini_array_end = .)
                0x00000000080072e4                _sidata = LOADADDR (.data)

.data           0x0000000020000000      0x17c load address 0x00000000080072e4
                0x0000000020000000                . = ALIGN (0x4)
                0x0000000020000000                _sdata = .
 *(.data)
 *(.data*)
 .data.SystemCoreClock
                0x0000000020000000        0x4 CMakeFiles/Software.elf.dir/Core/Src/system_stm32f1xx.c.obj
                0x0000000020000000                SystemCoreClock
 .data.uwTickPrio
                0x0000000020000004        0x4 CMakeFiles/Software.elf.dir/Drivers/STM32F1xx_HAL_Driver/Src/stm32f1xx_hal.c.obj
                0x0000000020000004                uwTickPrio
 .data.uwTickFreq
                0x0000000020000008        0x1 CMakeFiles/Software.elf.dir/Drivers/STM32F1xx_HAL_Driver/Src/stm32f1xx_hal.c.obj
                0x0000000020000008                uwTickFreq
 *fill*         0x0000000020000009        0x3 
 .data.USBD_CDC_DeviceQualifierDesc
                0x000000002000000c        0xa CMakeFiles/Software.elf.dir/Middlewares/ST/STM32_USB_Device_Library/Class/CDC/Src/usbd_cdc.c.obj
 *fill*         0x0000000020000016        0x2 
 .data.USBD_CDC
                0x0000000020000018       0x38 CMakeFiles/Software.elf.dir/Middlewares/ST/STM32_USB_Device_Library/Class/CDC/Src/usbd_cdc.c.obj
                0x0000000020000018                USBD_CDC
 .data.USBD_CDC_CfgHSDesc
                0x0000000020000050       0x43 CMakeFiles/Software.elf.dir/Middlewares/ST/STM32_USB_Device_Library/Class/CDC/Src/usbd_cdc.c.obj
                0x0000000020000050                USBD_CDC_CfgHSDesc
 *fill*         0x0000000020000093        0x1 
 .data.USBD_CDC_CfgFSDesc
                0x0000000020000094       0x43 CMakeFiles/Software.elf.dir/Middlewares/ST/STM32_USB_Device_Library/Class/CDC/Src/usbd_cdc.c.obj
                0x0000000020000094                USBD_CDC_CfgFSDesc
 *fill*         0x00000000200000d7        0x1 
 .data.USBD_CDC_OtherSpeedCfgDesc
                0x00000000200000d8       0x43 CMakeFiles/Software.elf.dir/Middlewares/ST/STM32_USB_Device_Library/Class/CDC/Src/usbd_cdc.c.obj
                0x00000000200000d8                USBD_CDC_OtherSpeedCfgDesc
 *fill*         0x000000002000011b        0x1 
 .data.USBD_Interface_fops_FS
                0x000000002000011c       0x10 CMakeFiles/Software.elf.dir/USB_DEVICE/App/usbd_cdc_if.c.obj
                0x000000002000011c                USBD_Interface_fops_FS
 .data.FS_Desc  0x000000002000012c       0x1c CMakeFiles/Software.elf.dir/USB_DEVICE/App/usbd_desc.c.obj
                0x000000002000012c                FS_Desc
 .data.USBD_FS_DeviceDesc
                0x0000000020000148       0x12 CMakeFiles/Software.elf.dir/USB_DEVICE/App/usbd_desc.c.obj
                0x0000000020000148                USBD_FS_DeviceDesc
 *fill*         0x000000002000015a        0x2 
 .data.USBD_LangIDDesc
                0x000000002000015c        0x4 CMakeFiles/Software.elf.dir/USB_DEVICE/App/usbd_desc.c.obj
                0x000000002000015c                USBD_LangIDDesc
 .data.USBD_StringSerial
                0x0000000020000160       0x1a CMakeFiles/Software.elf.dir/USB_DEVICE/App/usbd_desc.c.obj
                0x0000000020000160                USBD_StringSerial
                0x000000002000017c                . = ALIGN (0x4)
 *fill*         0x000000002000017a        0x2 
                0x000000002000017c                _edata = .

.igot.plt       0x000000002000017c        0x0 load address 0x0000000008007460
 .igot.plt      0x000000002000017c        0x0 /usr/lib/gcc/arm-none-eabi/10.2.0/thumb/v7-m/nofp/crtbegin.o
                0x000000002000017c                . = ALIGN (0x4)

.bss            0x000000002000017c     0x121c load address 0x0000000008007460
                0x000000002000017c                _sbss = .
                0x000000002000017c                __bss_start__ = _sbss
 *(.bss)
 *(.bss*)
 .bss.completed.1
                0x000000002000017c        0x1 /usr/lib/gcc/arm-none-eabi/10.2.0/thumb/v7-m/nofp/crtbegin.o
 *fill*         0x000000002000017d        0x3 
 .bss.object.0  0x0000000020000180       0x18 /usr/lib/gcc/arm-none-eabi/10.2.0/thumb/v7-m/nofp/crtbegin.o
 .bss.hspi1     0x0000000020000198       0x58 CMakeFiles/Software.elf.dir/Core/Src/main.c.obj
                0x0000000020000198                hspi1
 .bss.uwTick    0x00000000200001f0        0x4 CMakeFiles/Software.elf.dir/Drivers/STM32F1xx_HAL_Driver/Src/stm32f1xx_hal.c.obj
                0x00000000200001f0                uwTick
 .bss.cfgidx.0  0x00000000200001f4        0x1 CMakeFiles/Software.elf.dir/Middlewares/ST/STM32_USB_Device_Library/Core/Src/usbd_ctlreq.c.obj
 *fill*         0x00000000200001f5        0x3 
 .bss.hUsbDeviceFS
                0x00000000200001f8      0x2c4 CMakeFiles/Software.elf.dir/USB_DEVICE/App/usb_device.c.obj
                0x00000000200001f8                hUsbDeviceFS
 .bss.UserRxBufferFS
                0x00000000200004bc      0x3e8 CMakeFiles/Software.elf.dir/USB_DEVICE/App/usbd_cdc_if.c.obj
                0x00000000200004bc                UserRxBufferFS
 .bss.UserTxBufferFS
                0x00000000200008a4      0x3e8 CMakeFiles/Software.elf.dir/USB_DEVICE/App/usbd_cdc_if.c.obj
                0x00000000200008a4                UserTxBufferFS
 .bss.USBD_StrDesc
                0x0000000020000c8c      0x200 CMakeFiles/Software.elf.dir/USB_DEVICE/App/usbd_desc.c.obj
                0x0000000020000c8c                USBD_StrDesc
 .bss.hpcd_USB_FS
                0x0000000020000e8c      0x2ec CMakeFiles/Software.elf.dir/USB_DEVICE/Target/usbd_conf.c.obj
                0x0000000020000e8c                hpcd_USB_FS
 .bss.mem.0     0x0000000020001178      0x220 CMakeFiles/Software.elf.dir/USB_DEVICE/Target/usbd_conf.c.obj
 *(COMMON)
                0x0000000020001398                . = ALIGN (0x4)
                0x0000000020001398                _ebss = .
                0x0000000020001398                __bss_end__ = _ebss

._user_heap_stack
                0x0000000020001398      0xc00 load address 0x0000000008007460
                0x0000000020001398                . = ALIGN (0x8)
                0x0000000020001398                PROVIDE (end = .)
                [!provide]                        PROVIDE (_end = .)
                0x0000000020001798                . = (. + _Min_Heap_Size)
 *fill*         0x0000000020001398      0x400 
                0x0000000020001f98                . = (. + _Min_Stack_Size)
 *fill*         0x0000000020001798      0x800 
                0x0000000020001f98                . = ALIGN (0x8)

/DISCARD/
 libc.a(*)
 libm.a(*)
 libgcc.a(*)

.ARM.attributes
                0x0000000000000000       0x29
 *(.ARM.attributes)
 .ARM.attributes
                0x0000000000000000       0x1d /usr/lib/gcc/arm-none-eabi/10.2.0/thumb/v7-m/nofp/crti.o
 .ARM.attributes
                0x000000000000001d       0x2d /usr/lib/gcc/arm-none-eabi/10.2.0/thumb/v7-m/nofp/crtbegin.o
 .ARM.attributes
                0x000000000000004a       0x2d CMakeFiles/Software.elf.dir/Core/Src/main.c.obj
 .ARM.attributes
                0x0000000000000077       0x2d CMakeFiles/Software.elf.dir/Core/Src/stm32f1xx_hal_msp.c.obj
 .ARM.attributes
                0x00000000000000a4       0x2d CMakeFiles/Software.elf.dir/Core/Src/stm32f1xx_it.c.obj
 .ARM.attributes
                0x00000000000000d1       0x2d CMakeFiles/Software.elf.dir/Core/Src/system_stm32f1xx.c.obj
 .ARM.attributes
                0x00000000000000fe       0x2d CMakeFiles/Software.elf.dir/Drivers/STM32F1xx_HAL_Driver/Src/stm32f1xx_hal.c.obj
 .ARM.attributes
                0x000000000000012b       0x2d CMakeFiles/Software.elf.dir/Drivers/STM32F1xx_HAL_Driver/Src/stm32f1xx_hal_cortex.c.obj
 .ARM.attributes
                0x0000000000000158       0x2d CMakeFiles/Software.elf.dir/Drivers/STM32F1xx_HAL_Driver/Src/stm32f1xx_hal_gpio.c.obj
 .ARM.attributes
                0x0000000000000185       0x2d CMakeFiles/Software.elf.dir/Drivers/STM32F1xx_HAL_Driver/Src/stm32f1xx_hal_pcd.c.obj
 .ARM.attributes
                0x00000000000001b2       0x2d CMakeFiles/Software.elf.dir/Drivers/STM32F1xx_HAL_Driver/Src/stm32f1xx_hal_pcd_ex.c.obj
 .ARM.attributes
                0x00000000000001df       0x2d CMakeFiles/Software.elf.dir/Drivers/STM32F1xx_HAL_Driver/Src/stm32f1xx_hal_rcc.c.obj
 .ARM.attributes
                0x000000000000020c       0x2d CMakeFiles/Software.elf.dir/Drivers/STM32F1xx_HAL_Driver/Src/stm32f1xx_hal_rcc_ex.c.obj
 .ARM.attributes
                0x0000000000000239       0x2d CMakeFiles/Software.elf.dir/Drivers/STM32F1xx_HAL_Driver/Src/stm32f1xx_hal_spi.c.obj
 .ARM.attributes
                0x0000000000000266       0x2d CMakeFiles/Software.elf.dir/Drivers/STM32F1xx_HAL_Driver/Src/stm32f1xx_ll_usb.c.obj
 .ARM.attributes
                0x0000000000000293       0x2d CMakeFiles/Software.elf.dir/Middlewares/ST/STM32_USB_Device_Library/Class/CDC/Src/usbd_cdc.c.obj
 .ARM.attributes
                0x00000000000002c0       0x2d CMakeFiles/Software.elf.dir/Middlewares/ST/STM32_USB_Device_Library/Core/Src/usbd_core.c.obj
 .ARM.attributes
                0x00000000000002ed       0x2d CMakeFiles/Software.elf.dir/Middlewares/ST/STM32_USB_Device_Library/Core/Src/usbd_ctlreq.c.obj
 .ARM.attributes
                0x000000000000031a       0x2d CMakeFiles/Software.elf.dir/Middlewares/ST/STM32_USB_Device_Library/Core/Src/usbd_ioreq.c.obj
 .ARM.attributes
                0x0000000000000347       0x2d CMakeFiles/Software.elf.dir/USB_DEVICE/App/usb_device.c.obj
 .ARM.attributes
                0x0000000000000374       0x2d CMakeFiles/Software.elf.dir/USB_DEVICE/App/usbd_cdc_if.c.obj
 .ARM.attributes
                0x00000000000003a1       0x2d CMakeFiles/Software.elf.dir/USB_DEVICE/App/usbd_desc.c.obj
 .ARM.attributes
                0x00000000000003ce       0x2d CMakeFiles/Software.elf.dir/USB_DEVICE/Target/usbd_conf.c.obj
 .ARM.attributes
                0x00000000000003fb       0x21 CMakeFiles/Software.elf.dir/startup/startup_stm32f103xb.s.obj
 .ARM.attributes
                0x000000000000041c       0x2d /usr/lib/gcc/arm-none-eabi/10.2.0/../../../../arm-none-eabi/lib/thumb/v7-m/nofp/libg_nano.a(lib_a-init.o)
 .ARM.attributes
                0x0000000000000449       0x2d /usr/lib/gcc/arm-none-eabi/10.2.0/../../../../arm-none-eabi/lib/thumb/v7-m/nofp/libg_nano.a(lib_a-memset.o)
 .ARM.attributes
                0x0000000000000476       0x1d /usr/lib/gcc/arm-none-eabi/10.2.0/thumb/v7-m/nofp/crtn.o
OUTPUT(Software.elf elf32-littlearm)
LOAD linker stubs
LOAD /usr/lib/gcc/arm-none-eabi/10.2.0/../../../../arm-none-eabi/lib/thumb/v7-m/nofp/libc.a
LOAD /usr/lib/gcc/arm-none-eabi/10.2.0/../../../../arm-none-eabi/lib/thumb/v7-m/nofp/libm.a
LOAD /usr/lib/gcc/arm-none-eabi/10.2.0/thumb/v7-m/nofp/libgcc.a

.debug_info     0x0000000000000000     0xd552
 .debug_info    0x0000000000000000      0x988 CMakeFiles/Software.elf.dir/Core/Src/main.c.obj
 .debug_info    0x0000000000000988      0x840 CMakeFiles/Software.elf.dir/Core/Src/stm32f1xx_hal_msp.c.obj
 .debug_info    0x00000000000011c8      0x632 CMakeFiles/Software.elf.dir/Core/Src/stm32f1xx_it.c.obj
 .debug_info    0x00000000000017fa      0x232 CMakeFiles/Software.elf.dir/Core/Src/system_stm32f1xx.c.obj
 .debug_info    0x0000000000001a2c      0x6d6 CMakeFiles/Software.elf.dir/Drivers/STM32F1xx_HAL_Driver/Src/stm32f1xx_hal.c.obj
 .debug_info    0x0000000000002102      0xb15 CMakeFiles/Software.elf.dir/Drivers/STM32F1xx_HAL_Driver/Src/stm32f1xx_hal_cortex.c.obj
 .debug_info    0x0000000000002c17      0x5fa CMakeFiles/Software.elf.dir/Drivers/STM32F1xx_HAL_Driver/Src/stm32f1xx_hal_gpio.c.obj
 .debug_info    0x0000000000003211     0x1253 CMakeFiles/Software.elf.dir/Drivers/STM32F1xx_HAL_Driver/Src/stm32f1xx_hal_pcd.c.obj
 .debug_info    0x0000000000004464      0x71b CMakeFiles/Software.elf.dir/Drivers/STM32F1xx_HAL_Driver/Src/stm32f1xx_hal_pcd_ex.c.obj
 .debug_info    0x0000000000004b7f      0x80e CMakeFiles/Software.elf.dir/Drivers/STM32F1xx_HAL_Driver/Src/stm32f1xx_hal_rcc.c.obj
 .debug_info    0x000000000000538d      0x3bb CMakeFiles/Software.elf.dir/Drivers/STM32F1xx_HAL_Driver/Src/stm32f1xx_hal_rcc_ex.c.obj
 .debug_info    0x0000000000005748     0x15ac CMakeFiles/Software.elf.dir/Drivers/STM32F1xx_HAL_Driver/Src/stm32f1xx_hal_spi.c.obj
 .debug_info    0x0000000000006cf4     0x17c5 CMakeFiles/Software.elf.dir/Drivers/STM32F1xx_HAL_Driver/Src/stm32f1xx_ll_usb.c.obj
 .debug_info    0x00000000000084b9      0xfb4 CMakeFiles/Software.elf.dir/Middlewares/ST/STM32_USB_Device_Library/Class/CDC/Src/usbd_cdc.c.obj
 .debug_info    0x000000000000946d      0x966 CMakeFiles/Software.elf.dir/Middlewares/ST/STM32_USB_Device_Library/Core/Src/usbd_core.c.obj
 .debug_info    0x0000000000009dd3      0x8d3 CMakeFiles/Software.elf.dir/Middlewares/ST/STM32_USB_Device_Library/Core/Src/usbd_ctlreq.c.obj
 .debug_info    0x000000000000a6a6      0x6a5 CMakeFiles/Software.elf.dir/Middlewares/ST/STM32_USB_Device_Library/Core/Src/usbd_ioreq.c.obj
 .debug_info    0x000000000000ad4b      0x5e2 CMakeFiles/Software.elf.dir/USB_DEVICE/App/usb_device.c.obj
 .debug_info    0x000000000000b32d      0x7b0 CMakeFiles/Software.elf.dir/USB_DEVICE/App/usbd_cdc_if.c.obj
 .debug_info    0x000000000000badd      0x45d CMakeFiles/Software.elf.dir/USB_DEVICE/App/usbd_desc.c.obj
 .debug_info    0x000000000000bf3a     0x15f6 CMakeFiles/Software.elf.dir/USB_DEVICE/Target/usbd_conf.c.obj
 .debug_info    0x000000000000d530       0x22 CMakeFiles/Software.elf.dir/startup/startup_stm32f103xb.s.obj

.debug_abbrev   0x0000000000000000     0x2851
 .debug_abbrev  0x0000000000000000      0x1ba CMakeFiles/Software.elf.dir/Core/Src/main.c.obj
 .debug_abbrev  0x00000000000001ba      0x17c CMakeFiles/Software.elf.dir/Core/Src/stm32f1xx_hal_msp.c.obj
 .debug_abbrev  0x0000000000000336      0x156 CMakeFiles/Software.elf.dir/Core/Src/stm32f1xx_it.c.obj
 .debug_abbrev  0x000000000000048c      0x138 CMakeFiles/Software.elf.dir/Core/Src/system_stm32f1xx.c.obj
 .debug_abbrev  0x00000000000005c4      0x1c5 CMakeFiles/Software.elf.dir/Drivers/STM32F1xx_HAL_Driver/Src/stm32f1xx_hal.c.obj
 .debug_abbrev  0x0000000000000789      0x2ea CMakeFiles/Software.elf.dir/Drivers/STM32F1xx_HAL_Driver/Src/stm32f1xx_hal_cortex.c.obj
 .debug_abbrev  0x0000000000000a73      0x1b8 CMakeFiles/Software.elf.dir/Drivers/STM32F1xx_HAL_Driver/Src/stm32f1xx_hal_gpio.c.obj
 .debug_abbrev  0x0000000000000c2b      0x26e CMakeFiles/Software.elf.dir/Drivers/STM32F1xx_HAL_Driver/Src/stm32f1xx_hal_pcd.c.obj
 .debug_abbrev  0x0000000000000e99      0x17c CMakeFiles/Software.elf.dir/Drivers/STM32F1xx_HAL_Driver/Src/stm32f1xx_hal_pcd_ex.c.obj
 .debug_abbrev  0x0000000000001015      0x25d CMakeFiles/Software.elf.dir/Drivers/STM32F1xx_HAL_Driver/Src/stm32f1xx_hal_rcc.c.obj
 .debug_abbrev  0x0000000000001272      0x16a CMakeFiles/Software.elf.dir/Drivers/STM32F1xx_HAL_Driver/Src/stm32f1xx_hal_rcc_ex.c.obj
 .debug_abbrev  0x00000000000013dc      0x23f CMakeFiles/Software.elf.dir/Drivers/STM32F1xx_HAL_Driver/Src/stm32f1xx_hal_spi.c.obj
 .debug_abbrev  0x000000000000161b      0x1ca CMakeFiles/Software.elf.dir/Drivers/STM32F1xx_HAL_Driver/Src/stm32f1xx_ll_usb.c.obj
 .debug_abbrev  0x00000000000017e5      0x291 CMakeFiles/Software.elf.dir/Middlewares/ST/STM32_USB_Device_Library/Class/CDC/Src/usbd_cdc.c.obj
 .debug_abbrev  0x0000000000001a76      0x207 CMakeFiles/Software.elf.dir/Middlewares/ST/STM32_USB_Device_Library/Core/Src/usbd_core.c.obj
 .debug_abbrev  0x0000000000001c7d      0x23d CMakeFiles/Software.elf.dir/Middlewares/ST/STM32_USB_Device_Library/Core/Src/usbd_ctlreq.c.obj
 .debug_abbrev  0x0000000000001eba      0x169 CMakeFiles/Software.elf.dir/Middlewares/ST/STM32_USB_Device_Library/Core/Src/usbd_ioreq.c.obj
 .debug_abbrev  0x0000000000002023      0x156 CMakeFiles/Software.elf.dir/USB_DEVICE/App/usb_device.c.obj
 .debug_abbrev  0x0000000000002179      0x238 CMakeFiles/Software.elf.dir/USB_DEVICE/App/usbd_cdc_if.c.obj
 .debug_abbrev  0x00000000000023b1      0x1e2 CMakeFiles/Software.elf.dir/USB_DEVICE/App/usbd_desc.c.obj
 .debug_abbrev  0x0000000000002593      0x2ac CMakeFiles/Software.elf.dir/USB_DEVICE/Target/usbd_conf.c.obj
 .debug_abbrev  0x000000000000283f       0x12 CMakeFiles/Software.elf.dir/startup/startup_stm32f103xb.s.obj

.debug_aranges  0x0000000000000000      0xc38
 .debug_aranges
                0x0000000000000000       0x40 CMakeFiles/Software.elf.dir/Core/Src/main.c.obj
 .debug_aranges
                0x0000000000000040       0x30 CMakeFiles/Software.elf.dir/Core/Src/stm32f1xx_hal_msp.c.obj
 .debug_aranges
                0x0000000000000070       0x68 CMakeFiles/Software.elf.dir/Core/Src/stm32f1xx_it.c.obj
 .debug_aranges
                0x00000000000000d8       0x28 CMakeFiles/Software.elf.dir/Core/Src/system_stm32f1xx.c.obj
 .debug_aranges
                0x0000000000000100       0xe0 CMakeFiles/Software.elf.dir/Drivers/STM32F1xx_HAL_Driver/Src/stm32f1xx_hal.c.obj
 .debug_aranges
                0x00000000000001e0      0x100 CMakeFiles/Software.elf.dir/Drivers/STM32F1xx_HAL_Driver/Src/stm32f1xx_hal_cortex.c.obj
 .debug_aranges
                0x00000000000002e0       0x58 CMakeFiles/Software.elf.dir/Drivers/STM32F1xx_HAL_Driver/Src/stm32f1xx_hal_gpio.c.obj
 .debug_aranges
                0x0000000000000338      0x138 CMakeFiles/Software.elf.dir/Drivers/STM32F1xx_HAL_Driver/Src/stm32f1xx_hal_pcd.c.obj
 .debug_aranges
                0x0000000000000470       0x38 CMakeFiles/Software.elf.dir/Drivers/STM32F1xx_HAL_Driver/Src/stm32f1xx_hal_pcd_ex.c.obj
 .debug_aranges
                0x00000000000004a8       0x90 CMakeFiles/Software.elf.dir/Drivers/STM32F1xx_HAL_Driver/Src/stm32f1xx_hal_rcc.c.obj
 .debug_aranges
                0x0000000000000538       0x30 CMakeFiles/Software.elf.dir/Drivers/STM32F1xx_HAL_Driver/Src/stm32f1xx_hal_rcc_ex.c.obj
 .debug_aranges
                0x0000000000000568      0x1d0 CMakeFiles/Software.elf.dir/Drivers/STM32F1xx_HAL_Driver/Src/stm32f1xx_hal_spi.c.obj
 .debug_aranges
                0x0000000000000738       0xe0 CMakeFiles/Software.elf.dir/Drivers/STM32F1xx_HAL_Driver/Src/stm32f1xx_ll_usb.c.obj
 .debug_aranges
                0x0000000000000818       0x90 CMakeFiles/Software.elf.dir/Middlewares/ST/STM32_USB_Device_Library/Class/CDC/Src/usbd_cdc.c.obj
 .debug_aranges
                0x00000000000008a8       0xb8 CMakeFiles/Software.elf.dir/Middlewares/ST/STM32_USB_Device_Library/Core/Src/usbd_core.c.obj
 .debug_aranges
                0x0000000000000960       0x88 CMakeFiles/Software.elf.dir/Middlewares/ST/STM32_USB_Device_Library/Core/Src/usbd_ctlreq.c.obj
 .debug_aranges
                0x00000000000009e8       0x50 CMakeFiles/Software.elf.dir/Middlewares/ST/STM32_USB_Device_Library/Core/Src/usbd_ioreq.c.obj
 .debug_aranges
                0x0000000000000a38       0x20 CMakeFiles/Software.elf.dir/USB_DEVICE/App/usb_device.c.obj
 .debug_aranges
                0x0000000000000a58       0x40 CMakeFiles/Software.elf.dir/USB_DEVICE/App/usbd_cdc_if.c.obj
 .debug_aranges
                0x0000000000000a98       0x60 CMakeFiles/Software.elf.dir/USB_DEVICE/App/usbd_desc.c.obj
 .debug_aranges
                0x0000000000000af8      0x118 CMakeFiles/Software.elf.dir/USB_DEVICE/Target/usbd_conf.c.obj
 .debug_aranges
                0x0000000000000c10       0x28 CMakeFiles/Software.elf.dir/startup/startup_stm32f103xb.s.obj

.debug_ranges   0x0000000000000000      0xae0
 .debug_ranges  0x0000000000000000       0x30 CMakeFiles/Software.elf.dir/Core/Src/main.c.obj
 .debug_ranges  0x0000000000000030       0x20 CMakeFiles/Software.elf.dir/Core/Src/stm32f1xx_hal_msp.c.obj
 .debug_ranges  0x0000000000000050       0x58 CMakeFiles/Software.elf.dir/Core/Src/stm32f1xx_it.c.obj
 .debug_ranges  0x00000000000000a8       0x18 CMakeFiles/Software.elf.dir/Core/Src/system_stm32f1xx.c.obj
 .debug_ranges  0x00000000000000c0       0xd0 CMakeFiles/Software.elf.dir/Drivers/STM32F1xx_HAL_Driver/Src/stm32f1xx_hal.c.obj
 .debug_ranges  0x0000000000000190       0xf0 CMakeFiles/Software.elf.dir/Drivers/STM32F1xx_HAL_Driver/Src/stm32f1xx_hal_cortex.c.obj
 .debug_ranges  0x0000000000000280       0x48 CMakeFiles/Software.elf.dir/Drivers/STM32F1xx_HAL_Driver/Src/stm32f1xx_hal_gpio.c.obj
 .debug_ranges  0x00000000000002c8      0x128 CMakeFiles/Software.elf.dir/Drivers/STM32F1xx_HAL_Driver/Src/stm32f1xx_hal_pcd.c.obj
 .debug_ranges  0x00000000000003f0       0x28 CMakeFiles/Software.elf.dir/Drivers/STM32F1xx_HAL_Driver/Src/stm32f1xx_hal_pcd_ex.c.obj
 .debug_ranges  0x0000000000000418       0x80 CMakeFiles/Software.elf.dir/Drivers/STM32F1xx_HAL_Driver/Src/stm32f1xx_hal_rcc.c.obj
 .debug_ranges  0x0000000000000498       0x20 CMakeFiles/Software.elf.dir/Drivers/STM32F1xx_HAL_Driver/Src/stm32f1xx_hal_rcc_ex.c.obj
 .debug_ranges  0x00000000000004b8      0x1c0 CMakeFiles/Software.elf.dir/Drivers/STM32F1xx_HAL_Driver/Src/stm32f1xx_hal_spi.c.obj
 .debug_ranges  0x0000000000000678       0xd0 CMakeFiles/Software.elf.dir/Drivers/STM32F1xx_HAL_Driver/Src/stm32f1xx_ll_usb.c.obj
 .debug_ranges  0x0000000000000748       0x80 CMakeFiles/Software.elf.dir/Middlewares/ST/STM32_USB_Device_Library/Class/CDC/Src/usbd_cdc.c.obj
 .debug_ranges  0x00000000000007c8       0xa8 CMakeFiles/Software.elf.dir/Middlewares/ST/STM32_USB_Device_Library/Core/Src/usbd_core.c.obj
 .debug_ranges  0x0000000000000870       0x78 CMakeFiles/Software.elf.dir/Middlewares/ST/STM32_USB_Device_Library/Core/Src/usbd_ctlreq.c.obj
 .debug_ranges  0x00000000000008e8       0x40 CMakeFiles/Software.elf.dir/Middlewares/ST/STM32_USB_Device_Library/Core/Src/usbd_ioreq.c.obj
 .debug_ranges  0x0000000000000928       0x10 CMakeFiles/Software.elf.dir/USB_DEVICE/App/usb_device.c.obj
 .debug_ranges  0x0000000000000938       0x30 CMakeFiles/Software.elf.dir/USB_DEVICE/App/usbd_cdc_if.c.obj
 .debug_ranges  0x0000000000000968       0x50 CMakeFiles/Software.elf.dir/USB_DEVICE/App/usbd_desc.c.obj
 .debug_ranges  0x00000000000009b8      0x108 CMakeFiles/Software.elf.dir/USB_DEVICE/Target/usbd_conf.c.obj
 .debug_ranges  0x0000000000000ac0       0x20 CMakeFiles/Software.elf.dir/startup/startup_stm32f103xb.s.obj

.debug_line     0x0000000000000000     0x79a7
 .debug_line    0x0000000000000000      0x2d8 CMakeFiles/Software.elf.dir/Core/Src/main.c.obj
 .debug_line    0x00000000000002d8      0x220 CMakeFiles/Software.elf.dir/Core/Src/stm32f1xx_hal_msp.c.obj
 .debug_line    0x00000000000004f8      0x275 CMakeFiles/Software.elf.dir/Core/Src/stm32f1xx_it.c.obj
 .debug_line    0x000000000000076d      0x1dd CMakeFiles/Software.elf.dir/Core/Src/system_stm32f1xx.c.obj
 .debug_line    0x000000000000094a      0x4a6 CMakeFiles/Software.elf.dir/Drivers/STM32F1xx_HAL_Driver/Src/stm32f1xx_hal.c.obj
 .debug_line    0x0000000000000df0      0x61e CMakeFiles/Software.elf.dir/Drivers/STM32F1xx_HAL_Driver/Src/stm32f1xx_hal_cortex.c.obj
 .debug_line    0x000000000000140e      0x4ed CMakeFiles/Software.elf.dir/Drivers/STM32F1xx_HAL_Driver/Src/stm32f1xx_hal_gpio.c.obj
 .debug_line    0x00000000000018fb      0xde7 CMakeFiles/Software.elf.dir/Drivers/STM32F1xx_HAL_Driver/Src/stm32f1xx_hal_pcd.c.obj
 .debug_line    0x00000000000026e2      0x236 CMakeFiles/Software.elf.dir/Drivers/STM32F1xx_HAL_Driver/Src/stm32f1xx_hal_pcd_ex.c.obj
 .debug_line    0x0000000000002918      0x8ca CMakeFiles/Software.elf.dir/Drivers/STM32F1xx_HAL_Driver/Src/stm32f1xx_hal_rcc.c.obj
 .debug_line    0x00000000000031e2      0x3b0 CMakeFiles/Software.elf.dir/Drivers/STM32F1xx_HAL_Driver/Src/stm32f1xx_hal_rcc_ex.c.obj
 .debug_line    0x0000000000003592     0x16b1 CMakeFiles/Software.elf.dir/Drivers/STM32F1xx_HAL_Driver/Src/stm32f1xx_hal_spi.c.obj
 .debug_line    0x0000000000004c43      0xa91 CMakeFiles/Software.elf.dir/Drivers/STM32F1xx_HAL_Driver/Src/stm32f1xx_ll_usb.c.obj
 .debug_line    0x00000000000056d4      0x5eb CMakeFiles/Software.elf.dir/Middlewares/ST/STM32_USB_Device_Library/Class/CDC/Src/usbd_cdc.c.obj
 .debug_line    0x0000000000005cbf      0x574 CMakeFiles/Software.elf.dir/Middlewares/ST/STM32_USB_Device_Library/Core/Src/usbd_core.c.obj
 .debug_line    0x0000000000006233      0x793 CMakeFiles/Software.elf.dir/Middlewares/ST/STM32_USB_Device_Library/Core/Src/usbd_ctlreq.c.obj
 .debug_line    0x00000000000069c6      0x20a CMakeFiles/Software.elf.dir/Middlewares/ST/STM32_USB_Device_Library/Core/Src/usbd_ioreq.c.obj
 .debug_line    0x0000000000006bd0      0x1d5 CMakeFiles/Software.elf.dir/USB_DEVICE/App/usb_device.c.obj
 .debug_line    0x0000000000006da5      0x22d CMakeFiles/Software.elf.dir/USB_DEVICE/App/usbd_cdc_if.c.obj
 .debug_line    0x0000000000006fd2      0x293 CMakeFiles/Software.elf.dir/USB_DEVICE/App/usbd_desc.c.obj
 .debug_line    0x0000000000007265      0x6aa CMakeFiles/Software.elf.dir/USB_DEVICE/Target/usbd_conf.c.obj
 .debug_line    0x000000000000790f       0x98 CMakeFiles/Software.elf.dir/startup/startup_stm32f103xb.s.obj

.debug_str      0x0000000000000000     0x3694
 .debug_str     0x0000000000000000      0x75e CMakeFiles/Software.elf.dir/Core/Src/main.c.obj
                                        0x80e (size before relaxing)
 .debug_str     0x000000000000075e       0x9c CMakeFiles/Software.elf.dir/Core/Src/stm32f1xx_hal_msp.c.obj
                                        0x66d (size before relaxing)
 .debug_str     0x00000000000007fa      0x3d2 CMakeFiles/Software.elf.dir/Core/Src/stm32f1xx_it.c.obj
                                        0x5d3 (size before relaxing)
 .debug_str     0x0000000000000bcc       0x99 CMakeFiles/Software.elf.dir/Core/Src/system_stm32f1xx.c.obj
                                        0x265 (size before relaxing)
 .debug_str     0x0000000000000c65      0x5e3 CMakeFiles/Software.elf.dir/Drivers/STM32F1xx_HAL_Driver/Src/stm32f1xx_hal.c.obj
                                        0x7f0 (size before relaxing)
 .debug_str     0x0000000000001248      0x3fd CMakeFiles/Software.elf.dir/Drivers/STM32F1xx_HAL_Driver/Src/stm32f1xx_hal_cortex.c.obj
                                        0x8e4 (size before relaxing)
 .debug_str     0x0000000000001645      0x165 CMakeFiles/Software.elf.dir/Drivers/STM32F1xx_HAL_Driver/Src/stm32f1xx_hal_gpio.c.obj
                                        0x411 (size before relaxing)
 .debug_str     0x00000000000017aa      0x3ee CMakeFiles/Software.elf.dir/Drivers/STM32F1xx_HAL_Driver/Src/stm32f1xx_hal_pcd.c.obj
                                        0x93e (size before relaxing)
 .debug_str     0x0000000000001b98      0x1a8 CMakeFiles/Software.elf.dir/Drivers/STM32F1xx_HAL_Driver/Src/stm32f1xx_hal_pcd_ex.c.obj
                                        0x6d9 (size before relaxing)
 .debug_str     0x0000000000001d40      0x235 CMakeFiles/Software.elf.dir/Drivers/STM32F1xx_HAL_Driver/Src/stm32f1xx_hal_rcc.c.obj
                                        0x615 (size before relaxing)
 .debug_str     0x0000000000001f75       0xd4 CMakeFiles/Software.elf.dir/Drivers/STM32F1xx_HAL_Driver/Src/stm32f1xx_hal_rcc_ex.c.obj
                                        0x3c3 (size before relaxing)
 .debug_str     0x0000000000002049      0x530 CMakeFiles/Software.elf.dir/Drivers/STM32F1xx_HAL_Driver/Src/stm32f1xx_hal_spi.c.obj
                                        0xb1b (size before relaxing)
 .debug_str     0x0000000000002579      0x2b8 CMakeFiles/Software.elf.dir/Drivers/STM32F1xx_HAL_Driver/Src/stm32f1xx_ll_usb.c.obj
                                        0x6ec (size before relaxing)
 .debug_str     0x0000000000002831      0x5c8 CMakeFiles/Software.elf.dir/Middlewares/ST/STM32_USB_Device_Library/Class/CDC/Src/usbd_cdc.c.obj
                                        0xb65 (size before relaxing)
 .debug_str     0x0000000000002df9      0x1dc CMakeFiles/Software.elf.dir/Middlewares/ST/STM32_USB_Device_Library/Core/Src/usbd_core.c.obj
                                        0x73d (size before relaxing)
 .debug_str     0x0000000000002fd5      0x14f CMakeFiles/Software.elf.dir/Middlewares/ST/STM32_USB_Device_Library/Core/Src/usbd_ctlreq.c.obj
                                        0x6c3 (size before relaxing)
 .debug_str     0x0000000000003124       0xe4 CMakeFiles/Software.elf.dir/Middlewares/ST/STM32_USB_Device_Library/Core/Src/usbd_ioreq.c.obj
                                        0x64b (size before relaxing)
 .debug_str     0x0000000000003208       0x79 CMakeFiles/Software.elf.dir/USB_DEVICE/App/usb_device.c.obj
                                        0x606 (size before relaxing)
 .debug_str     0x0000000000003281       0xa8 CMakeFiles/Software.elf.dir/USB_DEVICE/App/usbd_cdc_if.c.obj
                                        0x6c5 (size before relaxing)
 .debug_str     0x0000000000003329      0x18b CMakeFiles/Software.elf.dir/USB_DEVICE/App/usbd_desc.c.obj
                                        0x453 (size before relaxing)
 .debug_str     0x00000000000034b4      0x198 CMakeFiles/Software.elf.dir/USB_DEVICE/Target/usbd_conf.c.obj
                                        0xf80 (size before relaxing)
 .debug_str     0x000000000000364c       0x48 CMakeFiles/Software.elf.dir/startup/startup_stm32f103xb.s.obj
                                         0x78 (size before relaxing)

.comment        0x0000000000000000       0x1e
 .comment       0x0000000000000000       0x1e CMakeFiles/Software.elf.dir/Core/Src/main.c.obj
                                         0x1f (size before relaxing)
 .comment       0x000000000000001e       0x1f CMakeFiles/Software.elf.dir/Core/Src/stm32f1xx_hal_msp.c.obj
 .comment       0x000000000000001e       0x1f CMakeFiles/Software.elf.dir/Core/Src/stm32f1xx_it.c.obj
 .comment       0x000000000000001e       0x1f CMakeFiles/Software.elf.dir/Core/Src/system_stm32f1xx.c.obj
 .comment       0x000000000000001e       0x1f CMakeFiles/Software.elf.dir/Drivers/STM32F1xx_HAL_Driver/Src/stm32f1xx_hal.c.obj
 .comment       0x000000000000001e       0x1f CMakeFiles/Software.elf.dir/Drivers/STM32F1xx_HAL_Driver/Src/stm32f1xx_hal_cortex.c.obj
 .comment       0x000000000000001e       0x1f CMakeFiles/Software.elf.dir/Drivers/STM32F1xx_HAL_Driver/Src/stm32f1xx_hal_gpio.c.obj
 .comment       0x000000000000001e       0x1f CMakeFiles/Software.elf.dir/Drivers/STM32F1xx_HAL_Driver/Src/stm32f1xx_hal_pcd.c.obj
 .comment       0x000000000000001e       0x1f CMakeFiles/Software.elf.dir/Drivers/STM32F1xx_HAL_Driver/Src/stm32f1xx_hal_pcd_ex.c.obj
 .comment       0x000000000000001e       0x1f CMakeFiles/Software.elf.dir/Drivers/STM32F1xx_HAL_Driver/Src/stm32f1xx_hal_rcc.c.obj
 .comment       0x000000000000001e       0x1f CMakeFiles/Software.elf.dir/Drivers/STM32F1xx_HAL_Driver/Src/stm32f1xx_hal_rcc_ex.c.obj
 .comment       0x000000000000001e       0x1f CMakeFiles/Software.elf.dir/Drivers/STM32F1xx_HAL_Driver/Src/stm32f1xx_hal_spi.c.obj
 .comment       0x000000000000001e       0x1f CMakeFiles/Software.elf.dir/Drivers/STM32F1xx_HAL_Driver/Src/stm32f1xx_ll_usb.c.obj
 .comment       0x000000000000001e       0x1f CMakeFiles/Software.elf.dir/Middlewares/ST/STM32_USB_Device_Library/Class/CDC/Src/usbd_cdc.c.obj
 .comment       0x000000000000001e       0x1f CMakeFiles/Software.elf.dir/Middlewares/ST/STM32_USB_Device_Library/Core/Src/usbd_core.c.obj
 .comment       0x000000000000001e       0x1f CMakeFiles/Software.elf.dir/Middlewares/ST/STM32_USB_Device_Library/Core/Src/usbd_ctlreq.c.obj
 .comment       0x000000000000001e       0x1f CMakeFiles/Software.elf.dir/Middlewares/ST/STM32_USB_Device_Library/Core/Src/usbd_ioreq.c.obj
 .comment       0x000000000000001e       0x1f CMakeFiles/Software.elf.dir/USB_DEVICE/App/usb_device.c.obj
 .comment       0x000000000000001e       0x1f CMakeFiles/Software.elf.dir/USB_DEVICE/App/usbd_cdc_if.c.obj
 .comment       0x000000000000001e       0x1f CMakeFiles/Software.elf.dir/USB_DEVICE/App/usbd_desc.c.obj
 .comment       0x000000000000001e       0x1f CMakeFiles/Software.elf.dir/USB_DEVICE/Target/usbd_conf.c.obj

.debug_frame    0x0000000000000000     0x2fe8
 .debug_frame   0x0000000000000000       0xb0 CMakeFiles/Software.elf.dir/Core/Src/main.c.obj
 .debug_frame   0x00000000000000b0       0x80 CMakeFiles/Software.elf.dir/Core/Src/stm32f1xx_hal_msp.c.obj
 .debug_frame   0x0000000000000130      0x128 CMakeFiles/Software.elf.dir/Core/Src/stm32f1xx_it.c.obj
 .debug_frame   0x0000000000000258       0x58 CMakeFiles/Software.elf.dir/Core/Src/system_stm32f1xx.c.obj
 .debug_frame   0x00000000000002b0      0x334 CMakeFiles/Software.elf.dir/Drivers/STM32F1xx_HAL_Driver/Src/stm32f1xx_hal.c.obj
 .debug_frame   0x00000000000005e4      0x428 CMakeFiles/Software.elf.dir/Drivers/STM32F1xx_HAL_Driver/Src/stm32f1xx_hal_cortex.c.obj
 .debug_frame   0x0000000000000a0c      0x14c CMakeFiles/Software.elf.dir/Drivers/STM32F1xx_HAL_Driver/Src/stm32f1xx_hal_gpio.c.obj
 .debug_frame   0x0000000000000b58      0x578 CMakeFiles/Software.elf.dir/Drivers/STM32F1xx_HAL_Driver/Src/stm32f1xx_hal_pcd.c.obj
 .debug_frame   0x00000000000010d0       0xb0 CMakeFiles/Software.elf.dir/Drivers/STM32F1xx_HAL_Driver/Src/stm32f1xx_hal_pcd_ex.c.obj
 .debug_frame   0x0000000000001180      0x21c CMakeFiles/Software.elf.dir/Drivers/STM32F1xx_HAL_Driver/Src/stm32f1xx_hal_rcc.c.obj
 .debug_frame   0x000000000000139c       0x84 CMakeFiles/Software.elf.dir/Drivers/STM32F1xx_HAL_Driver/Src/stm32f1xx_hal_rcc_ex.c.obj
 .debug_frame   0x0000000000001420      0x824 CMakeFiles/Software.elf.dir/Drivers/STM32F1xx_HAL_Driver/Src/stm32f1xx_hal_spi.c.obj
 .debug_frame   0x0000000000001c44      0x400 CMakeFiles/Software.elf.dir/Drivers/STM32F1xx_HAL_Driver/Src/stm32f1xx_ll_usb.c.obj
 .debug_frame   0x0000000000002044      0x248 CMakeFiles/Software.elf.dir/Middlewares/ST/STM32_USB_Device_Library/Class/CDC/Src/usbd_cdc.c.obj
 .debug_frame   0x000000000000228c      0x300 CMakeFiles/Software.elf.dir/Middlewares/ST/STM32_USB_Device_Library/Core/Src/usbd_core.c.obj
 .debug_frame   0x000000000000258c      0x218 CMakeFiles/Software.elf.dir/Middlewares/ST/STM32_USB_Device_Library/Core/Src/usbd_ctlreq.c.obj
 .debug_frame   0x00000000000027a4      0x10c CMakeFiles/Software.elf.dir/Middlewares/ST/STM32_USB_Device_Library/Core/Src/usbd_ioreq.c.obj
 .debug_frame   0x00000000000028b0       0x2c CMakeFiles/Software.elf.dir/USB_DEVICE/App/usb_device.c.obj
 .debug_frame   0x00000000000028dc       0xbc CMakeFiles/Software.elf.dir/USB_DEVICE/App/usbd_cdc_if.c.obj
 .debug_frame   0x0000000000002998      0x160 CMakeFiles/Software.elf.dir/USB_DEVICE/App/usbd_desc.c.obj
 .debug_frame   0x0000000000002af8      0x4a4 CMakeFiles/Software.elf.dir/USB_DEVICE/Target/usbd_conf.c.obj
 .debug_frame   0x0000000000002f9c       0x2c /usr/lib/gcc/arm-none-eabi/10.2.0/../../../../arm-none-eabi/lib/thumb/v7-m/nofp/libg_nano.a(lib_a-init.o)
 .debug_frame   0x0000000000002fc8       0x20 /usr/lib/gcc/arm-none-eabi/10.2.0/../../../../arm-none-eabi/lib/thumb/v7-m/nofp/libg_nano.a(lib_a-memset.o)
